Read pysisyphus configuration from '/data1/cjq12/pysis46/test03/pysisyphusrc'
                           d8b                            888
                           Y8P                            888
                                                          888
88888b.  888  888 .d8888b  888 .d8888b  888  888 88888b.  88888b.  888  888 .d8888b
888 "88b 888  888 88K      888 88K      888  888 888 "88b 888 "88b 888  888 88K
888  888 888  888 "Y8888b. 888 "Y8888b. 888  888 888  888 888  888 888  888 "Y8888b.
888 d88P Y88b 888      X88 888      X88 Y88b 888 888 d88P 888  888 Y88b 888      X88
88888P"   "Y88888  88888P' 888  88888P'  "Y88888 88888P"  888  888  "Y88888  88888P'
888           888                            888 888
888      Y8b d88P                       Y8b d88P 888
888       "Y88P"                         "Y88P"  888                            

Version 1.0.0 (Python 3.13.9, NumPy 2.3.5, SciPy 1.16.3)
Executed at Mon Sep 28 11:48:08 2026 on 'localhost.localdomain'
Platform: Linux-5.14.0-687.17.1.el9_8.x86_64-x86_64-with-glibc2.34
Interpreter: /data1/cjq12/pysis_venv/bin/python
Current working directory: /data1/cjq12/pysis46/test03

If pysisyphus benefitted your research please cite:

	https://doi.org/10.1002/qua.26390

Good luck!

{'calc': {'keywords': 'hf 3-21g', 'mem': 1500, 'pal': 2, 'type': 'orca5'},
 'geom': {'coord_kwargs': {},
          'fn': '10\n'
                '\n'
                'C     0.000000     0.000000     0.000000\n'
                'C     0.000000     0.000000     1.467000\n'
                'C     1.094330     0.000000    -0.738135\n'
                'C    -1.028333     0.374283     2.205135\n'
                'H    -0.925741     0.000000    -0.556241\n'
                'H     0.869912    -0.316622     2.023241\n'
                'H     1.000114     0.000000    -1.815021\n'
                'H     2.074955     0.000000    -0.280862\n'
                'H    -0.939800     0.342059     3.282021\n'
                'H    -1.949820     0.709676     1.747862\n',
          'type': 'redund'},
 'tsopt': {'T': 298.15,
           'do_hess': False,
           'dump': True,
           'h5_group_name': 'tsopt',
           'hessian_init': 'fischer',
           'max_cycles': 150,
           'overachieve_factor': 5,
           'p': 101325,
           'prefix': 'ts',
           'rx_modes': [[[['DIHEDRAL', 2, 0, 1, 3], 1]]],
           'thresh': 'baker',
           'type': 'rsprfo'}}

Read 1 geometry.
Failed to load 'cmd' from [jmol] in ~/.pysisyphusrc and default cmd='jmol' was not found in $PATH.
                          ###########################
                          # RUNNING TS-OPTIMIZATION #
                          ###########################

     Input geometry: Geometry(C₄H₆, 10 atoms)
  Coordinate system: redund
  Coordinate number: 33
         Calculator: ORCA(calculator_000)
             Charge: 0
       Multiplicity: 1
          Optimizer: rsprfo


If not specified otherwise, all quantities are given in au.

Convergence thresholds, (overachieved when):
	max(|force|) <= 0.000300, (0.000060) E_h a_0⁻¹ (rad⁻¹)
	  rms(force) <= 0.000200, (0.000040) E_h a_0⁻¹ (rad⁻¹)
	 max(|step|) <= 0.000300 a_0 (rad)
	   rms(step) <= 0.000200 a_0 (rad)
	'Superscript *' indicates convergence

Spent 0.0 s preparing the first cycle.
               cycle     Δ(energy)  max(|force|)    rms(force)   max(|step|)     rms(step)  s/cycle
        --------------------------------------------------------------------------------------------
                   0           nan*     0.014081      0.006228      0.146788      0.052223    6.710 
                   1     -0.000853*     0.007968      0.003473      0.215996      0.075004    5.205 
                   2      0.000950*     0.003945      0.001399      0.258200      0.087039    6.131 
                   3      0.002499*     0.003800      0.001646      0.256337      0.087039    5.581 
                   4      0.001707*     0.004417      0.002005      0.215981      0.073349    5.840 
                   5      0.000135*     0.004722      0.001629      0.060491      0.019566    5.532 
                   6     -0.000175*     0.002335      0.000989      0.239902      0.080643    5.031 
                   7     -0.000078*     0.005473      0.001998      0.064654      0.021760    3.115 
                   8     -0.000148*     0.002339      0.001009      0.126227      0.043519    4.567 
                   9      0.000145*     0.001572      0.000551      0.258395      0.087039    4.358 
        --------------------------------------------------------------------------------------------
                  10     -0.000112*     0.004604      0.001824      0.061556      0.021760   19.590 
                  11     -0.000090*     0.002000      0.000849      0.126483      0.043519   11.229 
                  12      0.000206*     0.001393      0.000593      0.187878      0.064220    9.103 
                  13     -0.000046*     0.003060      0.001330      0.060224      0.021760    9.744 
                  14     -0.000034*     0.001312      0.000548      0.125434      0.043519    5.171 
                  15      0.000061*     0.001158      0.000476      0.024588      0.008587    7.929 
                  16     -0.000017*     0.000337      0.000142*     0.003966      0.001393    6.433 
                  17     -0.000003*     0.000206*     0.000088*     0.011573      0.003890    5.770 
                  18      0.000002*     0.000120*     0.000066*     0.003868      0.001317    5.556 
                  19     -0.000001*     0.000062*     0.000026*     0.000313      0.000158*   5.863 
        Converged!

Final summary:
            	max(forces, internal): 0.000062 hartree/(bohr,rad)
            	rms(forces, internal): 0.000026 hartree/(bohr,rad)
        	max(forces,cartesian): 0.000100 hartree/bohr
        	rms(forces,cartesian): 0.000036 hartree/bohr
        	energy: -154.05045566 hartree
        Wrote final, hopefully optimized, geometry to 'ts_final_geometry.xyz'
Copied '/data1/cjq12/pysis46/test03/ts_final_geometry.xyz' to 'ts_opt.xyz'.

pysisyphus run took 0:02:41 h.
