Read pysisyphus configuration from '/data1/cjq12/pysis46/test02/pysisyphusrc'
                           d8b                            888
                           Y8P                            888
                                                          888
88888b.  888  888 .d8888b  888 .d8888b  888  888 88888b.  88888b.  888  888 .d8888b
888 "88b 888  888 88K      888 88K      888  888 888 "88b 888 "88b 888  888 88K
888  888 888  888 "Y8888b. 888 "Y8888b. 888  888 888  888 888  888 888  888 "Y8888b.
888 d88P Y88b 888      X88 888      X88 Y88b 888 888 d88P 888  888 Y88b 888      X88
88888P"   "Y88888  88888P' 888  88888P'  "Y88888 88888P"  888  888  "Y88888  88888P'
888           888                            888 888
888      Y8b d88P                       Y8b d88P 888
888       "Y88P"                         "Y88P"  888                            

Version 1.0.0 (Python 3.13.9, NumPy 2.3.5, SciPy 1.16.3)
Executed at Mon Sep 28 11:43:59 2026 on 'localhost.localdomain'
Platform: Linux-5.14.0-687.17.1.el9_8.x86_64-x86_64-with-glibc2.34
Interpreter: /data1/cjq12/pysis_venv/bin/python
Current working directory: /data1/cjq12/pysis46/test02

If pysisyphus benefitted your research please cite:

	https://doi.org/10.1002/qua.26390

Good luck!

{'calc': {'charge': 0,
          'keywords': 'hf def2-svp',
          'mem': 1500,
          'mult': 1,
          'pal': 2,
          'type': 'orca5'},
 'geom': {'coord_kwargs': {}, 'fn': 'h2o.xyz', 'type': 'redund'},
 'opt': {'T': 298.15,
         'do_hess': True,
         'dump': True,
         'max_cycles': 150,
         'overachieve_factor': 5,
         'p': 101325,
         'thresh': 'gau',
         'type': 'rfo'}}

Read 1 geometry.
Failed to load 'cmd' from [jmol] in ~/.pysisyphusrc and default cmd='jmol' was not found in $PATH.
                            ########################
                            # RUNNING OPTIMIZATION #
                            ########################

     Input geometry: Geometry(H₂O, 3 atoms)
  Coordinate system: redund
  Coordinate number: 3
         Calculator: ORCA(calculator_000)
             Charge: 0
       Multiplicity: 1
          Optimizer: rfo


If not specified otherwise, all quantities are given in au.

Convergence thresholds, (overachieved when):
	max(|force|) <= 0.000450, (0.000090) E_h a_0⁻¹ (rad⁻¹)
	  rms(force) <= 0.000300, (0.000060) E_h a_0⁻¹ (rad⁻¹)
	 max(|step|) <= 0.001800 a_0 (rad)
	   rms(step) <= 0.001200 a_0 (rad)
	'Superscript *' indicates convergence

Spent 0.0 s preparing the first cycle.
               cycle     Δ(energy)  max(|force|)    rms(force)   max(|step|)     rms(step)  s/cycle
        --------------------------------------------------------------------------------------------
                   0           nan*     0.018610      0.012830      0.035705      0.028671    4.278 
                   1     -0.000535*     0.003988      0.003372      0.014404      0.008848    5.689 
                   2     -0.000056*     0.001703      0.001289      0.010590      0.006336    5.529 
                   3     -0.000011*     0.000060*     0.000042*     0.000167*     0.000117*   5.187 
        Converged!

Final summary:
            	max(forces, internal): 0.000060 hartree/(bohr,rad)
            	rms(forces, internal): 0.000042 hartree/(bohr,rad)
        	max(forces,cartesian): 0.000060 hartree/bohr
        	rms(forces,cartesian): 0.000034 hartree/bohr
        	energy: -75.96133849 hartree
        Wrote final, hopefully optimized, geometry to 'final_geometry.xyz'
Traceback (most recent call last):
  File "/data1/cjq12/pysisyphus-1.0.0/pysisyphus/calculators/Calculator.py", line 601, in run
    results = self.parser_funcs[calc](path, **parser_kwargs)
  File "/data1/cjq12/pysisyphus-1.0.0/pysisyphus/calculators/ORCA.py", line 994, in parse_hessian
    parsed = ORCA.parse_hess_file(hessian_fn)
  File "/data1/cjq12/pysisyphus-1.0.0/pysisyphus/helpers_pure.py", line 222, in wrapped
    res = func(inp, *args, **kwargs)
  File "/data1/cjq12/pysisyphus-1.0.0/pysisyphus/calculators/ORCA.py", line 984, in parse_hess_file
    parsed = parser.parseString(text)
  File "/home/chen_jianqi/anaconda3/lib/python3.13/site-packages/pyparsing/util.py", line 436, in _inner
    return fn(self, *args, **kwargs)
  File "/home/chen_jianqi/anaconda3/lib/python3.13/site-packages/pyparsing/core.py", line 1318, in parse_string
    raise exc.with_traceback(None)
pyparsing.exceptions.ParseException: Expected W:(0-9), found '$'  (at char 101), (line:16, col:1)

During handling of the above exception, another exception occurred:

Traceback (most recent call last):
  File "<frozen runpy>", line 198, in _run_module_as_main
  File "<frozen runpy>", line 88, in _run_code
  File "/data1/cjq12/pysisyphus-1.0.0/pysisyphus/run.py", line 2059, in <module>
    run()
    ~~~^^
  File "/data1/cjq12/pysisyphus-1.0.0/pysisyphus/run.py", line 2047, in run
    run_result = run_from_dict(run_dict, **run_kwargs)
  File "/data1/cjq12/pysisyphus-1.0.0/pysisyphus/run.py", line 1985, in run_from_dict
    run_result = main(run_dict, restart, cwd, scheduler)
  File "/data1/cjq12/pysisyphus-1.0.0/pysisyphus/run.py", line 1484, in main
    opt_result = run_opt(
        geom, calc_getter, opt_key, opt_kwargs, print_thermo=True
    )
  File "/data1/cjq12/pysisyphus-1.0.0/pysisyphus/drivers/opt.py", line 250, in run_opt
    do_final_hessian(
    ~~~~~~~~~~~~~~~~^
        geom,
        ^^^^^
    ...<6 lines>...
        out_dir=out_dir,
        ^^^^^^^^^^^^^^^^
    )
    ^
  File "/data1/cjq12/pysisyphus-1.0.0/pysisyphus/helpers.py", line 561, in do_final_hessian
    hessian = geom.cart_hessian
              ^^^^^^^^^^^^^^^^^
  File "/data1/cjq12/pysisyphus-1.0.0/pysisyphus/Geometry.py", line 982, in cart_hessian
    results = self.calculator.get_hessian(self.atoms, self._coords)
  File "/data1/cjq12/pysisyphus-1.0.0/pysisyphus/calculators/ORCA.py", line 865, in get_hessian
    results = self.run(inp, calc="hessian")
  File "/data1/cjq12/pysisyphus-1.0.0/pysisyphus/calculators/Calculator.py", line 617, in run
    raise RunAfterCalculationFailedException(
        "Postprocessing calculation failed!", err
    )
pysisyphus.exceptions.RunAfterCalculationFailedException: Postprocessing calculation failed!

                         +---------------------------+
                         | HESSIAN AT FINAL GEOMETRY |
                         +---------------------------+

... started Hessian calculation
Crashed input:
!hf def2-svp freq
        !moread
            %moinp "/data1/cjq12/pysis46/test02/qm_calcs/calculator_000.003.orca.gbw" 

        %pal nprocs 2 end
        %maxcore 1500

        
        

        *xyz 0 1
        o -0.00316071 -0.01122882 0.00000000
h 0.94128921 0.01835878 -0.00000000
h -0.27812850 0.89287004 -0.00000000
        *
        
Copied contents of
	'/data2/SCR/calculator_000_004_rr89d6ub'
to
	'/data1/cjq12/pysis46/test02/crashed_calculator_000'.
Consider checking the log files there.

