------------------------------------------------------------------------------
                           ORCA ORBITAL LOCALIZATION
------------------------------------------------------------------------------

Input orbitals are from                  ... eu3_trah_a.gbw
Output orbitals are to                   ... eu3_trah_a.loc.gbw
Max. number of iterations                ... 128
Localizations seeded randomly            ... on
Convergence tolerance                    ... 1.000e-06
Threshold for strong local MOs           ... 9.500e-01
Threshold for bond MOs                   ... 8.500e-01
Operator                                 ... 0
Orbital range for localization           ... 27 to 33
Localization criterion                   ... IAO-IBO
Warning: cannot retrieve the overlap matrix S
        ... Overlap was succesfully recalculated
Entering Jacobi type localization:
Using Cholesky decomposition as initial guess.
Your calculation utilizes the IAOIBO localization method
Cite in your paper:
G. KNIZIA, INTRISIC ATOMIC ORBITALS: AN UNBIASED BRIDGE BETWEEN
QUANTUM THEORY AND CHEMICAL CONCEPTS 
J. CHEM. THEOTY COMPUT. 2013, 9, 4834~4843.

-------------------
IAO PARTIAL CHARGES 
-------------------
Warning!!! IAOs HAVE MEANING, only when all occupied MOs are involved.
   0 Eu:   49.000000
Sum of atomic charges:   49.0000000

Initial value of the localization sum :     7.000000
ITERATION   0 : L=    7.0000000000 DL=  0.00e+00 (MAX-T)=   0.000 
ITERATION   1 : L=    7.0000000000 DL=  0.00e+00 (MAX-T)=   0.000 
ITERATION   2 : L=    7.0000000000 DL=  0.00e+00 (MAX-T)=   0.000 
LOCALIZATION SUM CONVERGED


--------------------------------------------------------------------------------
                    LOCALIZED MOLECULAR ORBITAL COMPOSITIONS
--------------------------------------------------------------------------------

The Mulliken populations for each LMO on each atom are computed
The LMO`s will be ordered according to atom index and type
  (A) Strongly localized MO`s have populations of >=0.950 on one atom
  (B) Two center bond orbitals have populations of >=0.850 on two atoms
  (C) Other MO`s are considered to be `delocalized`

FOUND  -   7 strongly local MO`s
       -   0 two center bond MO`s
       -   0 significantly delocalized MO`s

Rather strongly localized orbitals:
MO  33:   0Eu -   1.000000
MO  32:   0Eu -   1.000000
MO  31:   0Eu -   1.000000
MO  30:   0Eu -   1.000000
MO  29:   0Eu -   1.000000
MO  28:   0Eu -   1.000000
MO  27:   0Eu -   1.000000
Localized MO's were stored in: eu3_trah_a.loc.gbw
