ccccccccccccccccccccccccccccccccccccccccccccccccccccccccccccccccccccccccccccccccccccccccccccccccccc
c                  ____            __                 ___              _                          c
c                 / __ \  ____    / / __  __         /   |    ____    (_) _____  ____             c
c                / /_/ / / __ \  / / / / / /        / /| |   / __ \  / / / ___/ / __ \            c
c               / ____/ / /_/ / / / / /_/ /        / ___ |  / / / / / / (__  ) / /_/ /            c
c              /_/      \____/ /_/  \__, /  ______/_/  |_| /_/ /_/ /_/ /____/  \____/             c
c                                  /____/  /_____/                                                c
c                                                                                                 c
c                                                                                                 c
c                                     POLY_ANISO Program                                          c
c                                                                                                 c
c           developed by Liviu Ungur          --  Liviu.Ungur@nus.edu.sg                          c
c                        Liviu F. Chibotaru   --  Liviu.Chibotaru@kuleuven.be                     c
c                                                                                                 c
c                     at National University of Singapore     and                                 c
c                        KU Leuven                                                                c
c                                                                                                 c
c   Program version :  v1.0.0                                                                     c
c   Compiled on     : 04-12-25                                                                                 c
ccccccccccccccccccccccccccccccccccccccccccccccccccccccccccccccccccccccccccccccccccccccccccccccccccc
The code allocated at least:           15336 bytes of memory for this run.

The program runs in serial

Number of independent centers --------------- :  2
Number of all centers ----------------------- :  2


Information about individual magnetic sites
(as read from the corresponding datafiles)
----------------------------------------------:
Center type 1:
  This center was computed ab initio -------- :  TRUE
  Data file for this center ----------------- :  aniso_1.input
  Number of centers of this kind ------------ :  1
  Local basis for exchange interaction ------ :  2
  Number of spin-orbit states --------------- :  4
  Spin-orbit energy spectra (cm-1) ---------- :      0.000      0.000  29361.197  29361.197
  Number of spin-free states ---------------- :  2
  g_tensor ( pseudospin =  1/2 ) ------------ :                         x        y        z
                                              : gX =  2.00000 Xm : -0.66776 -0.41991  0.61463
                                              : gY =  2.00000 Ym : -0.52030 -0.32719 -0.78882
                                              : gZ =  1.99952 Zm :  0.53234 -0.84653  0.00000
  Rotation Matrices for this center type ---- :
                         equivalent center 1  :  1.00000  0.00000  0.00000
                                              :  0.00000  1.00000  0.00000
                                              :  0.00000  0.00000  1.00000
Center type 1:
  This center was computed ab initio -------- :  TRUE
  Data file for this center ----------------- :  aniso_2.input
  Number of centers of this kind ------------ :  1
  Local basis for exchange interaction ------ :  2
  Number of spin-orbit states --------------- :  4
  Spin-orbit energy spectra (cm-1) ---------- :      0.000      0.000  29361.197  29361.197
  Number of spin-free states ---------------- :  2
  g_tensor ( pseudospin =  1/2 ) ------------ :                         x        y        z
                                              : gX =  2.00000 Xm :  0.84642  0.53227  0.01613
                                              : gY =  2.00000 Ym :  0.01366  0.00859 -0.99987
                                              : gZ =  1.99952 Zm : -0.53234  0.84653  0.00000
  Rotation Matrices for this center type ---- :
                         equivalent center 1  :  1.00000  0.00000  0.00000
                                              :  0.00000  1.00000  0.00000
                                              :  0.00000  0.00000  1.00000


Information about magnetic exchange couplings
----------------------------------------------:
  Number of exchange coupled states --------- :  4
  Number of interacting pairs (total) ------- :  1

  Magnetic dipole-dipole coupling ----------- :  NOT INCLUDED
  Lines-3 model for magnetic interaction ---- :  INCLUDED
          Number of pairs for LINES-3 model - :  1
               pair 1 : centers  1 --  2      :    0.10000  0.10000  0.10000 (cm-1)

  Decomposition of magnetic interaction into   
  irreducible tensor operators (ITO) -------- :  INCLUDED

  Population analysis of the exchange system  :  INCLUDED

Computation of the EPR g-tensor ------------- :  NOT INCLUDED

Estimation of blocking barier for SMMs ------ :  NOT INCLUDED

Information about computation of magnetic
thermodynamic properties
----------------------------------------------:
  Intermolecular interaction parameter ------ :     0.000000 (cm-1)

  Computation of magnetic susceptibility ---- :
    -- in the limit of zero-applied field --- :  INCLUDED
  Temperature interval (min,max,npoints) ---- :      0.000 (K)   300.000 (K)   31
  Magnetic susceptibility tensors  ---------- :  INCLUDED


  Automatic generation of PLOTS ------------- :  NOT INCLUDED
----------------------------------------------------------------------------------------------------------------------------------------|
                        FIRST-ORDER ANISOTROPIC MAGNETIC COUPLING                                                                       |
                                                                                                                                        |
                                    ( xx, xy, xz )                                                                                      |
                          S1  x   J ( yx, yy, yz )  x  S2                                                                               |
                                    ( zx, zy, zz )                                                                                      |
                     where the S1 and S2 are writren in the coordinate system of main magnetic axes                                     |
                                                                                                                                        |
  DECOMPOSITION:  FULL Interaction Matrix  =  Isotropic Term + Symmetric Term + Anti-Symmetric Term                                     |
--------------------|---------------------|---------------------|---------|-------------------------------------------------------------|
  Interacting Pair  |  Interaction Model  |  Full Interaction   | weight %|                    Interaction Matrix J                     |
- Nr ------- Pair --|---------------------|---------------------|---------|-------------------------------------------------------------|
                    |                     |                     |         |  7.447400039159E-02 -5.560448830148E-03 -6.650323657139E-02 |
  1         1 -- 2  |       LINES-3       | Full Interaction    | 100.000 |  4.224046751788E-03 -9.905969278245E-02  1.301286532819E-02 |
                    |                     |       Matrix        |         | -6.660147530887E-02 -1.250033703262E-02 -7.353883927145E-02 |
                    |                     |                     |         |---------- Decomposition of the Full Interaction Matrix -----|
                    |                     |                     |         | -3.270817722077E-02  0.000000000000E+00  0.000000000000E+00 |
  1         1 -- 2  |       LINES-3       | Isotropic Term      |  32.708 |  0.000000000000E+00 -3.270817722077E-02  0.000000000000E+00 |
                    |                     |                     |         |  0.000000000000E+00  0.000000000000E+00 -3.270817722077E-02 |
                    |                     |                     |         |-------------------------------------------------------------|
                    |                     |                     |         |  1.071821776124E-01 -6.682010391796E-04 -6.655235594013E-02 |
  1         1 -- 2  |       LINES-3       | Symmetric Term      |  93.839 | -6.682010391796E-04 -6.635151556168E-02  2.562641477858E-04 |
                    |                     |                     |         | -6.655235594013E-02  2.562641477858E-04 -4.083066205068E-02 |
                    |                     |                     |         |-------------------------------------------------------------|
                    |                     |                     |         |  0.000000000000E+00 -4.892247790968E-03  4.911936873876E-05 |
  1         1 -- 2  |       LINES-3       | Anti-Symmetric Term |  11.155 |  4.892247790968E-03  0.000000000000E+00  1.275660118040E-02 |
                    |                     |                     |         | -4.911936873876E-05 -1.275660118040E-02  0.000000000000E+00 |
--------------------|---------------------|---------------------|---------|-------------------------------------------------------------|

%%%%%%%%%%%%%%%%%%%%%%%%%%%%%%%%%%%%%%%%%%%%%%%%%%%%%%%%%%%%%%%%%%%%%%%%%%%%%%%%%%%%%%%%%%%%%%%%%%%%
          EigenValues of the Magnetic Interaction
%%%%%%%%%%%%%%%%%%%%%%%%%%%%%%%%%%%%%%%%%%%%%%%%%%%%%%%%%%%%%%%%%%%%%%%%%%%%%%%%%%%%%%%%%%%%%%%%%%%%
Coupled|     Lines Model      |         Total Magnetic Interaction          |
State  |  absolute val., cm-1 |  absolute val., cm-1 |  relative val., cm-1 |
-------|----------------------|---------------------------------------------|
    1  |     -0.025000000000  |     -0.025000000000  |      0.000000000000  |
    2  |     -0.025000000000  |     -0.025000000000  |      0.000000000000  |
    3  |     -0.024999939487  |     -0.024999939487  |      0.000000060513  |
    4  |      0.074999939487  |      0.074999939487  |      0.099999939487  |
-------|----------------------|---------------------------------------------|
          EigenVectors of the Total Magnetic Interaction are not printed.
          If you need them, set a higher print level by using PRLV key.
--------------------------------------------------
               POPULATION ANALYSIS
       (i.e. diagonal value of density matrices of the interacting sites)
--------------------------------------------------
--------|-----|------------|------------|
Exchange|Basis|   center   |   center   |
 state  | set |      1     |      2     |
--------|-----|------------|------------|
     1  |  1  | 0.49354159 | 0.48090538 |
     1  |  2  | 0.50645841 | 0.51909462 |
--------|-----|------------|------------|
     2  |  1  | 0.50645841 | 0.51909462 |
     2  |  2  | 0.49354159 | 0.48090538 |
--------|-----|------------|------------|
     3  |  1  | 0.50000000 | 0.50000000 |
     3  |  2  | 0.50000000 | 0.50000000 |
--------|-----|------------|------------|
     4  |  1  | 0.50000000 | 0.50000000 |
     4  |  2  | 0.50000000 | 0.50000000 |
--------|-----|------------|------------|

EXPECTATION VALUES
--------|----|------------------------------|----------|------------------------------|----------|
Exchange|Site|   MAGNETIC MOMENT (M=-L-2S)  |   NORM   |        SPIN MOMENT (S)       |   NORM   |
 state  | Nr.|     X         Y         Z    |          |     X         Y         Z    |          |
--------|----|------------------------------|----------|------------------------------|----------|
    1   |  1 | -0.53221   0.84633   0.00000 |  0.99976 |  0.26617  -0.42327  -0.00000 |  0.50000 |
        |  2 | -0.53221   0.84633   0.00000 |  0.99976 |  0.26617  -0.42327  -0.00000 |  0.50000 |
--------|----|------------------------------|----------|------------------------------|----------|
    2   |  1 |  0.00000   0.00000   0.00000 |  0.00000 | -0.00000  -0.00000  -0.00000 |  0.00000 |
        |  2 |  0.00000   0.00000   0.00000 |  0.00000 | -0.00000  -0.00000  -0.00000 |  0.00000 |
--------|----|------------------------------|----------|------------------------------|----------|
    3   |  1 |  0.53221  -0.84633  -0.00000 |  0.99976 | -0.26617   0.42327   0.00000 |  0.50000 |
        |  2 |  0.53221  -0.84633  -0.00000 |  0.99976 | -0.26617   0.42327   0.00000 |  0.50000 |
--------|----|------------------------------|----------|------------------------------|----------|
    4   |  1 |  0.00000   0.00000   0.00000 |  0.00000 | -0.00000  -0.00000  -0.00000 |  0.00000 |
        |  2 | -0.00000  -0.00000  -0.00000 |  0.00000 |  0.00000   0.00000   0.00000 |  0.00000 |
--------|----|------------------------------|----------|------------------------------|----------|


--------|----|------------------------------|----------|------------------------------|----------|
Exchange|Site|      ORBITAL MOMENT (L)      |   NORM   |     TOTAL MOMENT (J=L+S)     |   NORM   |
 state  | Nr.|     X         Y         Z    |          |     X         Y         Z    |          |
--------|----|------------------------------|----------|------------------------------|----------|
    1   |  1 | -0.00074   0.00118   0.00000 |  0.00140 |  0.26542  -0.42208  -0.00000 |  0.49860 |
        |  2 | -0.00074   0.00118   0.00000 |  0.00140 |  0.26542  -0.42208  -0.00000 |  0.49860 |
--------|----|------------------------------|----------|------------------------------|----------|
    2   |  1 |  0.00000   0.00000   0.00000 |  0.00000 | -0.00000  -0.00000  -0.00000 |  0.00000 |
        |  2 | -0.00000   0.00000   0.00000 |  0.00000 | -0.00000  -0.00000  -0.00000 |  0.00000 |
--------|----|------------------------------|----------|------------------------------|----------|
    3   |  1 |  0.00074  -0.00118   0.00000 |  0.00140 | -0.26542   0.42208   0.00000 |  0.49860 |
        |  2 |  0.00074  -0.00118   0.00000 |  0.00140 | -0.26542   0.42208   0.00000 |  0.49860 |
--------|----|------------------------------|----------|------------------------------|----------|
    4   |  1 |  0.00000   0.00000   0.00000 |  0.00000 | -0.00000  -0.00000   0.00000 |  0.00000 |
        |  2 | -0.00000   0.00000   0.00000 |  0.00000 |  0.00000   0.00000   0.00000 |  0.00000 |
--------|----|------------------------------|----------|------------------------------|----------|

%%%%%%%%%%%%%%%%%%%%%%%%%%%%%%%%%%%%%%%%%%%%%%%%%%%%%%%%%%%%%%%%%%%%%%%%%%%%%%%%%%%%%%%%%%%%%%%
                                   CALCULATION OF THE MAGNETIC SUSCEPTIBILITY
%%%%%%%%%%%%%%%%%%%%%%%%%%%%%%%%%%%%%%%%%%%%%%%%%%%%%%%%%%%%%%%%%%%%%%%%%%%%%%%%%%%%%%%%%%%%%%%

  Temperature dependence of the magnetic susceptibility will be calculated in 32 points, 
  equally distributed in temperature range  0.0 --- 300.0 K.

----------------------------------------------------------------------------------------|
     |     T      | STATISTICAL |     X*T     |     X*T     |      X      |     1/X     |
     |            |  SUM (Z)    |    (zJ=0)   |             |             |             |
-----|----------------------------------------------------------------------------------|
Units|   Kelvin   |    ---      |  cm3*K/mol  |  cm3*K/mol  |   cm3/mol   |   mol/cm3   |
-----|----------------------------------------------------------------------------------|
     |   0.000100 | 0.29991E+01 |  1.00022840 |  1.00022840 | 0.10002E+05 | 0.99977E-04 |
     |  10.000000 | 0.39857E+01 |  0.75286555 |  0.75286555 | 0.75287E-01 | 0.13283E+02 |
     |  20.000000 | 0.39928E+01 |  0.75152928 |  0.75152928 | 0.37576E-01 | 0.26612E+02 |
     |  30.000000 | 0.39952E+01 |  0.75108652 |  0.75108652 | 0.25036E-01 | 0.39942E+02 |
     |  40.000000 | 0.39964E+01 |  0.75086774 |  0.75086774 | 0.18772E-01 | 0.53272E+02 |
     |  50.000000 | 0.39971E+01 |  0.75073865 |  0.75073865 | 0.15015E-01 | 0.66601E+02 |
     |  60.000000 | 0.39976E+01 |  0.75065443 |  0.75065443 | 0.12511E-01 | 0.79930E+02 |
     |  70.000000 | 0.39979E+01 |  0.75059586 |  0.75059586 | 0.10723E-01 | 0.93259E+02 |
     |  80.000000 | 0.39982E+01 |  0.75055333 |  0.75055333 | 0.93819E-02 | 0.10659E+03 |
     |  90.000000 | 0.39984E+01 |  0.75052150 |  0.75052150 | 0.83391E-02 | 0.11992E+03 |
     | 100.000000 | 0.39986E+01 |  0.75049714 |  0.75049714 | 0.75050E-02 | 0.13325E+03 |
     | 110.000000 | 0.39987E+01 |  0.75047824 |  0.75047824 | 0.68225E-02 | 0.14657E+03 |
     | 120.000000 | 0.39988E+01 |  0.75046342 |  0.75046342 | 0.62539E-02 | 0.15990E+03 |
     | 130.000000 | 0.39989E+01 |  0.75045174 |  0.75045174 | 0.57727E-02 | 0.17323E+03 |
     | 140.000000 | 0.39990E+01 |  0.75044253 |  0.75044253 | 0.53603E-02 | 0.18656E+03 |
     | 150.000000 | 0.39990E+01 |  0.75043529 |  0.75043529 | 0.50029E-02 | 0.19988E+03 |
     | 160.000000 | 0.39991E+01 |  0.75042966 |  0.75042966 | 0.46902E-02 | 0.21321E+03 |
     | 170.000000 | 0.39992E+01 |  0.75042535 |  0.75042535 | 0.44143E-02 | 0.22654E+03 |
     | 180.000000 | 0.39992E+01 |  0.75042215 |  0.75042215 | 0.41690E-02 | 0.23986E+03 |
     | 190.000000 | 0.39992E+01 |  0.75041987 |  0.75041987 | 0.39496E-02 | 0.25319E+03 |
     | 200.000000 | 0.39993E+01 |  0.75041838 |  0.75041838 | 0.37521E-02 | 0.26652E+03 |
     | 210.000000 | 0.39993E+01 |  0.75041756 |  0.75041756 | 0.35734E-02 | 0.27984E+03 |
     | 220.000000 | 0.39993E+01 |  0.75041733 |  0.75041733 | 0.34110E-02 | 0.29317E+03 |
     | 230.000000 | 0.39994E+01 |  0.75041761 |  0.75041761 | 0.32627E-02 | 0.30650E+03 |
     | 240.000000 | 0.39994E+01 |  0.75041833 |  0.75041833 | 0.31267E-02 | 0.31982E+03 |
     | 250.000000 | 0.39994E+01 |  0.75041944 |  0.75041944 | 0.30017E-02 | 0.33315E+03 |
     | 260.000000 | 0.39994E+01 |  0.75042090 |  0.75042090 | 0.28862E-02 | 0.34647E+03 |
     | 270.000000 | 0.39995E+01 |  0.75042266 |  0.75042266 | 0.27793E-02 | 0.35980E+03 |
     | 280.000000 | 0.39995E+01 |  0.75042470 |  0.75042470 | 0.26801E-02 | 0.37312E+03 |
     | 290.000000 | 0.39995E+01 |  0.75042699 |  0.75042699 | 0.25877E-02 | 0.38645E+03 |
     | 300.000000 | 0.39995E+01 |  0.75042949 |  0.75042949 | 0.25014E-02 | 0.39977E+03 |
-----|----------------------------------------------------------------------------------|


--------------------------------------------------------------------------------------------------------------|
                               VAN VLECK SUSCEPTIBILITY TENSOR FOR zJ = 0,  in cm3*K/mol                      |
--------------------------------------------------------------------------------------------------------------|
     T(K)   |   |          SUSCEPTIBILITY TENSOR      |    MAIN VALUES  |               MAIN AXES             |
------------|---|------- x --------- y --------- z ---|-----------------|------ x --------- y --------- z ----|
            | x |    1.000231    0.000019    0.000000 |  X:    1.000200 | -0.53233502  0.84653377  0.00000001 |
   0.000100 | y |    0.000019    1.000212   -0.000000 |  Y:    1.000243 |  0.51247088  0.32226262  0.79593995 |
            | z |    0.000000   -0.000000    1.000243 |  Z:    1.000243 |  0.67379004  0.42370671 -0.60537559 |
------------|---|------- x --------- y --------- z ---|-----------------|------ x --------- y --------- z ----|
            | x |    0.752883    0.000154   -0.000000 |  X:    0.752637 |  0.53233508 -0.84653373  0.00000000 |
  10.000000 | y |    0.000154    0.752734   -0.000000 |  Y:    0.752980 | -0.27874154 -0.17528410 -0.94423442 |
            | z |   -0.000000   -0.000000    0.752980 |  Z:    0.752980 |  0.79932629  0.50264911 -0.32927399 |
------------|---|------- x --------- y --------- z ---|-----------------|------ x --------- y --------- z ----|
            | x |    0.751546    0.000147   -0.000000 |  X:    0.751312 |  0.53233508 -0.84653373  0.00000000 |
  20.000000 | y |    0.000147    0.751405   -0.000000 |  Y:    0.751638 | -0.27839437 -0.17506578 -0.94437733 |
            | z |   -0.000000   -0.000000    0.751638 |  Z:    0.751638 |  0.79944727  0.50272518 -0.32886389 |
------------|---|------- x --------- y --------- z ---|-----------------|------ x --------- y --------- z ----|
            | x |    0.751102    0.000139   -0.000000 |  X:    0.750881 |  0.53233508 -0.84653373  0.00000000 |
  30.000000 | y |    0.000139    0.750968   -0.000000 |  Y:    0.751189 | -0.37677626 -0.23693234 -0.89549021 |
            | z |   -0.000000   -0.000000    0.751189 |  Z:    0.751189 |  0.75806267  0.47670085 -0.44508121 |
------------|---|------- x --------- y --------- z ---|-----------------|------ x --------- y --------- z ----|
            | x |    0.750882    0.000131   -0.000000 |  X:    0.750674 |  0.53233508 -0.84653373  0.00000000 |
  40.000000 | y |    0.000131    0.750756   -0.000000 |  Y:    0.750965 | -0.37672174 -0.23689806 -0.89552221 |
            | z |   -0.000000   -0.000000    0.750965 |  Z:    0.750965 |  0.75808976  0.47671789 -0.44501681 |
------------|---|------- x --------- y --------- z ---|-----------------|------ x --------- y --------- z ----|
            | x |    0.750752    0.000124   -0.000000 |  X:    0.750556 |  0.53233508 -0.84653373  0.00000000 |
  50.000000 | y |    0.000124    0.750633   -0.000000 |  Y:    0.750830 | -0.37668901 -0.23687748 -0.89554143 |
            | z |   -0.000000   -0.000000    0.750830 |  Z:    0.750830 |  0.75810603  0.47672812 -0.44497815 |
------------|---|------- x --------- y --------- z ---|-----------------|------ x --------- y --------- z ----|
            | x |    0.750667    0.000116   -0.000000 |  X:    0.750483 |  0.53233508 -0.84653373  0.00000000 |
  60.000000 | y |    0.000116    0.750556   -0.000000 |  Y:    0.750740 | -0.44352942 -0.27890947 -0.85175769 |
            | z |   -0.000000   -0.000000    0.750740 |  Z:    0.750740 |  0.72104162  0.45342050 -0.52393591 |
------------|---|------- x --------- y --------- z ---|-----------------|------ x --------- y --------- z ----|
            | x |    0.750608    0.000108   -0.000000 |  X:    0.750435 |  0.53233508 -0.84653373  0.00000000 |
  70.000000 | y |    0.000108    0.750504   -0.000000 |  Y:    0.750676 | -0.21541504 -0.13546180 -0.96708141 |
            | z |   -0.000000   -0.000000    0.750676 |  Z:    0.750676 |  0.81866704  0.51481136 -0.25446716 |
------------|---|------- x --------- y --------- z ---|-----------------|------ x --------- y --------- z ----|
            | x |    0.750565    0.000101   -0.000000 |  X:    0.750404 |  0.53233508 -0.84653373  0.00000000 |
  80.000000 | y |    0.000101    0.750468   -0.000000 |  Y:    0.750628 |  0.66789849  0.42000193  0.61441841 |
            | z |   -0.000000   -0.000000    0.750628 |  Z:    0.750628 | -0.52012591 -0.32707648  0.78898036 |
------------|---|------- x --------- y --------- z ---|-----------------|------ x --------- y --------- z ----|
            | x |    0.750532    0.000093   -0.000000 |  X:    0.750383 |  0.53233508 -0.84653373  0.00000000 |
  90.000000 | y |    0.000093    0.750442   -0.000000 |  Y:    0.750591 | -0.32185897 -0.20239810 -0.92490097 |
            | z |   -0.000000   -0.000000    0.750591 |  Z:    0.750591 |  0.78295987  0.49235724 -0.38020809 |
------------|---|------- x --------- y --------- z ---|-----------------|------ x --------- y --------- z ----|
            | x |    0.750507    0.000086   -0.000000 |  X:    0.750370 |  0.53233508 -0.84653373  0.00000000 |
 100.000000 | y |    0.000086    0.750424   -0.000000 |  Y:    0.750561 | -0.44349468 -0.27888762 -0.85178293 |
            | z |   -0.000000   -0.000000    0.750561 |  Z:    0.750561 |  0.72106298  0.45343394 -0.52389487 |
------------|---|------- x --------- y --------- z ---|-----------------|------ x --------- y --------- z ----|
            | x |    0.750487    0.000078   -0.000000 |  X:    0.750363 |  0.53233509 -0.84653373  0.00000000 |
 110.000000 | y |    0.000078    0.750412   -0.000000 |  Y:    0.750536 | -0.44348994 -0.27888464 -0.85178638 |
            | z |   -0.000000   -0.000000    0.750536 |  Z:    0.750536 |  0.72106590  0.45343577 -0.52388927 |
------------|---|------- x --------- y --------- z ---|-----------------|------ x --------- y --------- z ----|
            | x |    0.750471    0.000071   -0.000000 |  X:    0.750359 |  0.53233509 -0.84653373  0.00000000 |
 120.000000 | y |    0.000071    0.750403   -0.000000 |  Y:    0.750516 |  0.72106833  0.45343730  0.52388461 |
            | z |   -0.000000   -0.000000    0.750516 |  Z:    0.750516 | -0.44348599 -0.27888216  0.85178924 |
------------|---|------- x --------- y --------- z ---|-----------------|------ x --------- y --------- z ----|
            | x |    0.750459    0.000063   -0.000000 |  X:    0.750359 |  0.53233509 -0.84653373  0.00000000 |
 130.000000 | y |    0.000063    0.750398   -0.000000 |  Y:    0.750498 | -0.44348265 -0.27888006 -0.85179167 |
            | z |   -0.000000   -0.000000    0.750498 |  Z:    0.750498 |  0.72107038  0.45343859 -0.52388066 |
------------|---|------- x --------- y --------- z ---|-----------------|------ x --------- y --------- z ----|
            | x |    0.750449    0.000055   -0.000000 |  X:    0.750361 |  0.53233509 -0.84653373  0.00000000 |
 140.000000 | y |    0.000055    0.750395   -0.000000 |  Y:    0.750483 | -0.32183108 -0.20238057 -0.92491452 |
            | z |   -0.000000   -0.000000    0.750483 |  Z:    0.750483 |  0.78297133  0.49236445 -0.38017514 |
------------|---|------- x --------- y --------- z ---|-----------------|------ x --------- y --------- z ----|
            | x |    0.750441    0.000048   -0.000000 |  X:    0.750365 |  0.53233509 -0.84653373  0.00000000 |
 150.000000 | y |    0.000048    0.750395   -0.000000 |  Y:    0.750471 | -0.32182773 -0.20237846 -0.92491614 |
            | z |   -0.000000   -0.000000    0.750471 |  Z:    0.750471 |  0.78297271  0.49236532 -0.38017119 |
------------|---|------- x --------- y --------- z ---|-----------------|------ x --------- y --------- z ----|
            | x |    0.750434    0.000040   -0.000000 |  X:    0.750370 |  0.53233510 -0.84653372  0.00000000 |
 160.000000 | y |    0.000040    0.750395   -0.000000 |  Y:    0.750459 | -0.24328020 -0.15298456 -0.95781547 |
            | z |   -0.000000   -0.000000    0.750459 |  Z:    0.750459 |  0.81082309  0.50987879 -0.28738394 |
------------|---|------- x --------- y --------- z ---|-----------------|------ x --------- y --------- z ----|
            | x |    0.750429    0.000033   -0.000000 |  X:    0.750377 |  0.53233510 -0.84653372  0.00000000 |
 170.000000 | y |    0.000033    0.750398   -0.000000 |  Y:    0.750449 | -0.32182222 -0.20237500 -0.92491882 |
            | z |   -0.000000   -0.000000    0.750449 |  Z:    0.750449 |  0.78297497  0.49236675 -0.38016467 |
------------|---|------- x --------- y --------- z ---|-----------------|------ x --------- y --------- z ----|
            | x |    0.750425    0.000025   -0.000000 |  X:    0.750385 |  0.53233511 -0.84653372  0.00000000 |
 180.000000 | y |    0.000025    0.750401   -0.000000 |  Y:    0.750441 | -0.32181992 -0.20237356 -0.92491993 |
            | z |   -0.000000   -0.000000    0.750441 |  Z:    0.750441 |  0.78297591  0.49236735 -0.38016196 |
------------|---|------- x --------- y --------- z ---|-----------------|------ x --------- y --------- z ----|
            | x |    0.750422    0.000017   -0.000000 |  X:    0.750394 |  0.53233512 -0.84653371  0.00000000 |
 190.000000 | y |    0.000017    0.750405   -0.000000 |  Y:    0.750433 | -0.44346998 -0.27887212 -0.85180087 |
            | z |   -0.000000   -0.000000    0.750433 |  Z:    0.750433 |  0.72107815  0.45344352 -0.52386571 |
------------|---|------- x --------- y --------- z ---|-----------------|------ x --------- y --------- z ----|
            | x |    0.750419    0.000010   -0.000000 |  X:    0.750404 |  0.53233516 -0.84653368  0.00000000 |
 200.000000 | y |    0.000010    0.750410   -0.000000 |  Y:    0.750426 | -0.17405927 -0.10945562 -0.97863315 |
            | z |   -0.000000   -0.000000    0.750426 |  Z:    0.750426 |  0.82844592  0.52096083 -0.20561411 |
------------|---|------- x --------- y --------- z ---|-----------------|------ x --------- y --------- z ----|
            | x |    0.750418    0.000002   -0.000000 |  X:    0.750414 |  0.53233543 -0.84653351  0.00000000 |
 210.000000 | y |    0.000002    0.750416   -0.000000 |  Y:    0.750419 | -0.21535501 -0.13542418 -0.96710005 |
            | z |   -0.000000   -0.000000    0.750419 |  Z:    0.750419 |  0.81868260  0.51482163 -0.25439632 |
------------|---|------- x --------- y --------- z ---|-----------------|------ x --------- y --------- z ----|
            | x |    0.750417   -0.000005   -0.000000 |  X:    0.750413 |  0.29603653  0.18615982  0.93686013 |
 220.000000 | y |   -0.000005    0.750422   -0.000000 |  Y:    0.750413 | -0.79308380 -0.49872336  0.34970431 |
            | z |   -0.000000   -0.000000    0.750413 |  Z:    0.750425 |  0.53233492 -0.84653384  0.00000000 |
------------|---|------- x --------- y --------- z ---|-----------------|------ x --------- y --------- z ----|
            | x |    0.750416   -0.000013   -0.000000 |  X:    0.750408 |  0.19703794  0.12390550  0.97253456 |
 230.000000 | y |   -0.000013    0.750429   -0.000000 |  Y:    0.750408 | -0.82328336 -0.51771420  0.23275851 |
            | z |   -0.000000   -0.000000    0.750408 |  Z:    0.750437 |  0.53233501 -0.84653378  0.00000000 |
------------|---|------- x --------- y --------- z ---|-----------------|------ x --------- y --------- z ----|
            | x |    0.750416   -0.000020   -0.000000 |  X:    0.750403 |  0.21703353  0.13647956  0.96657632 |
 240.000000 | y |   -0.000020    0.750436   -0.000000 |  Y:    0.750403 | -0.81823949 -0.51454244  0.25637906 |
            | z |   -0.000000   -0.000000    0.750403 |  Z:    0.750449 |  0.53233503 -0.84653376  0.00000000 |
------------|---|------- x --------- y --------- z ---|-----------------|------ x --------- y --------- z ----|
            | x |    0.750416   -0.000028   -0.000000 |  X:    0.750399 | -0.44835586 -0.28194450 -0.84822422 |
 250.000000 | y |   -0.000028    0.750443   -0.000000 |  Y:    0.750399 |  0.71805043  0.45153948 -0.52963731 |
            | z |   -0.000000   -0.000000    0.750399 |  Z:    0.750461 |  0.53233505 -0.84653376  0.00000000 |
------------|---|------- x --------- y --------- z ---|-----------------|------ x --------- y --------- z ----|
            | x |    0.750417   -0.000036   -0.000000 |  X:    0.750395 | -0.46957069 -0.29528526 -0.83205167 |
 260.000000 | y |   -0.000036    0.750451   -0.000000 |  Y:    0.750395 |  0.70435982  0.44293027 -0.55469813 |
            | z |   -0.000000   -0.000000    0.750395 |  Z:    0.750474 |  0.53233505 -0.84653375  0.00000000 |
------------|---|------- x --------- y --------- z ---|-----------------|------ x --------- y --------- z ----|
            | x |    0.750418   -0.000043   -0.000000 |  X:    0.750391 |  0.39649668  0.24933334  0.88352887 |
 270.000000 | y |   -0.000043    0.750459   -0.000000 |  Y:    0.750391 | -0.74793701 -0.47033339  0.46837670 |
            | z |   -0.000000   -0.000000    0.750391 |  Z:    0.750487 |  0.53233506 -0.84653375  0.00000000 |
------------|---|------- x --------- y --------- z ---|-----------------|------ x --------- y --------- z ----|
            | x |    0.750419   -0.000051   -0.000000 |  X:    0.750387 |  0.35962636  0.22614777  0.90527679 |
 280.000000 | y |   -0.000051    0.750468   -0.000000 |  Y:    0.750387 | -0.76634735 -0.48191057  0.42482224 |
            | z |   -0.000000   -0.000000    0.750387 |  Z:    0.750500 |  0.53233506 -0.84653375  0.00000000 |
------------|---|------- x --------- y --------- z ---|-----------------|------ x --------- y --------- z ----|
            | x |    0.750421   -0.000058   -0.000000 |  X:    0.750384 | -0.50038073 -0.31465988 -0.80660293 |
 290.000000 | y |   -0.000058    0.750477   -0.000000 |  Y:    0.750384 |  0.68281660  0.42938302 -0.59109366 |
            | z |   -0.000000   -0.000000    0.750384 |  Z:    0.750513 |  0.53233506 -0.84653375  0.00000000 |
------------|---|------- x --------- y --------- z ---|-----------------|------ x --------- y --------- z ----|
            | x |    0.750422   -0.000066   -0.000000 |  X:    0.750381 |  0.15206557  0.09562505  0.98373366 |
 300.000000 | y |   -0.000066    0.750486   -0.000000 |  Y:    0.750381 | -0.83276374 -0.52367592  0.17963320 |
            | z |   -0.000000   -0.000000    0.750381 |  Z:    0.750527 |  0.53233506 -0.84653374  0.00000000 |
--------------------------------------------------------------------------------------------------------------|
Computation of the magnetization torque ... skipped by the user
Computation of the molar magnetization ... skipped by the user

-@-#-$-%-&-*--@-#-$-%-&-*--@-#-$-%-&-*--@-#-$-%-&-*--@-#-$-%-&-*--@-#-$-%-&-*--@-#-$-%-&-*--@-#-$-%-&-*--@-#-$-%-&-*--@-#-$-%-&-*-

          HAPPY   LANDING !!!   POLY_ANISO ENDED  OK !

-*-&-%-$-#-@--*-&-%-$-#-@--*-&-%-$-#-@--*-&-%-$-#-@--*-&-%-$-#-@--*-&-%-$-#-@--*-&-%-$-#-@--*-&-%-$-#-@--*-&-%-$-#-@--*-&-%-$-#-@-
 POLY_ANISO finished sucessfully!
