ccccccccccccccccccccccccccccccccccccccccccccccccccccccccccccccccccccccccccccccccccccccccccccccccccc
c                  ____            __                 ___              _                          c
c                 / __ \  ____    / / __  __         /   |    ____    (_) _____  ____             c
c                / /_/ / / __ \  / / / / / /        / /| |   / __ \  / / / ___/ / __ \            c
c               / ____/ / /_/ / / / / /_/ /        / ___ |  / / / / / / (__  ) / /_/ /            c
c              /_/      \____/ /_/  \__, /  ______/_/  |_| /_/ /_/ /_/ /____/  \____/             c
c                                  /____/  /_____/                                                c
c                                                                                                 c
c                                                                                                 c
c                                     POLY_ANISO Program                                          c
c                                                                                                 c
c           developed by Liviu Ungur          --  Liviu.Ungur@nus.edu.sg                          c
c                        Liviu F. Chibotaru   --  Liviu.Chibotaru@kuleuven.be                     c
c                                                                                                 c
c                     at National University of Singapore     and                                 c
c                        KU Leuven                                                                c
c                                                                                                 c
c   Program version :  v1.0.0                                                                     c
c   Compiled on     : 04-12-25                                                                                 c
ccccccccccccccccccccccccccccccccccccccccccccccccccccccccccccccccccccccccccccccccccccccccccccccccccc
The code allocated at least:           11384 bytes of memory for this run.

The program runs in serial

Number of independent centers --------------- :  1
Number of all centers ----------------------- :  2


Information about individual magnetic sites
(as read from the corresponding datafiles)
----------------------------------------------:
Center type 1:
  This center was computed ab initio -------- :  TRUE
  Data file for this center ----------------- :  aniso_1.input
  Number of centers of this kind ------------ :  2
  Local basis for exchange interaction ------ :  2
  Number of spin-orbit states --------------- :  4
  Spin-orbit energy spectra (cm-1) ---------- :      0.000      0.000  29361.197  29361.197
  Number of spin-free states ---------------- :  2
  g_tensor ( pseudospin =  1/2 ) ------------ :                         x        y        z
                                              : gX =  2.00000 Xm : -0.66776 -0.41991  0.61463
                                              : gY =  2.00000 Ym : -0.52030 -0.32719 -0.78882
                                              : gZ =  1.99952 Zm :  0.53234 -0.84653  0.00000
  Rotation Matrices for this center type ---- :
                         equivalent center 1  :  1.00000  0.00000  0.00000
                                              :  0.00000  1.00000  0.00000
                                              :  0.00000  0.00000  1.00000
                         equivalent center 2  : -1.00000  0.00000  0.00000
                                              :  0.00000 -1.00000  0.00000
                                              :  0.00000  0.00000 -1.00000


Information about individual magnetic sites
(as obtained by applying symmetry operations)
----------------------------------------------:

Number of all magnetic centers -------------- :  2
Magnetic center   1:
  Type of this center ----------------------- :  1
  Rotation Matrix for this center------------ :
                         equivalent center 1  :  1.00000  0.00000  0.00000
                                              :  0.00000  1.00000  0.00000
                                              :  0.00000  0.00000  1.00000
  Magnetic moment, spin moment, electric dipole
  were rotated to the general coordinate system
  EPR g-tensor for this center (using the      
  rotated magnetic moment ------------------- :
  g-tensor ( pseudospin =  1/2 ) ------------ :                         x        y        z
                                              : gX =  2.00000 Xm : -0.66776 -0.41991  0.61463
                                              : gY =  2.00000 Ym : -0.52030 -0.32719 -0.78882
                                              : gZ =  1.99952 Zm :  0.53234 -0.84653  0.00000
Magnetic center   2:
  Type of this center ----------------------- :  1
  Rotation Matrix for this center------------ :
                         equivalent center 2  : -1.00000  0.00000  0.00000
                                              :  0.00000 -1.00000  0.00000
                                              :  0.00000  0.00000 -1.00000
  Magnetic moment, spin moment, electric dipole
  were rotated to the general coordinate system
  EPR g-tensor for this center (using the      
  rotated magnetic moment ------------------- :
  g-tensor ( pseudospin =  1/2 ) ------------ :                         x        y        z
                                              : gX =  2.00000 Xm : -0.66776 -0.41991  0.61463
                                              : gY =  2.00000 Ym : -0.52030 -0.32719 -0.78882
                                              : gZ =  1.99952 Zm :  0.53234 -0.84653  0.00000


Information about magnetic exchange couplings
----------------------------------------------:
  Number of exchange coupled states --------- :  4
  Number of interacting pairs (total) ------- :  1

  Magnetic dipole-dipole coupling ----------- :  NOT INCLUDED
  Lines-1 model for magnetic interaction ---- :  INCLUDED
          Number of pairs for LINES-1 model - :  1
               pair 1 : centers  1 --  2      :    0.10000 (cm-1)

  Decomposition of magnetic interaction into   
  irreducible tensor operators (ITO) -------- :  INCLUDED

  Population analysis of the exchange system  :  INCLUDED

Computation of the EPR g-tensor ------------- :  NOT INCLUDED

Estimation of blocking barier for SMMs ------ :  NOT INCLUDED

Information about computation of magnetic
thermodynamic properties
----------------------------------------------:
  Intermolecular interaction parameter ------ :     0.000000 (cm-1)

  Computation of magnetic susceptibility ---- :
    -- in the limit of zero-applied field --- :  INCLUDED
  Temperature interval (min,max,npoints) ---- :      0.000 (K)   300.000 (K)   31
  Magnetic susceptibility tensors  ---------- :  INCLUDED


  Automatic generation of PLOTS ------------- :  NOT INCLUDED
----------------------------------------------------------------------------------------------------------------------------------------|
                        FIRST-ORDER ANISOTROPIC MAGNETIC COUPLING                                                                       |
                                                                                                                                        |
                                    ( xx, xy, xz )                                                                                      |
                          S1  x   J ( yx, yy, yz )  x  S2                                                                               |
                                    ( zx, zy, zz )                                                                                      |
                     where the S1 and S2 are writren in the coordinate system of main magnetic axes                                     |
                                                                                                                                        |
  DECOMPOSITION:  FULL Interaction Matrix  =  Isotropic Term + Symmetric Term + Anti-Symmetric Term                                     |
--------------------|---------------------|---------------------|---------|-------------------------------------------------------------|
  Interacting Pair  |  Interaction Model  |  Full Interaction   | weight %|                    Interaction Matrix J                     |
- Nr ------- Pair --|---------------------|---------------------|---------|-------------------------------------------------------------|
                    |                     |                     |         | -9.999987899988E-02 -1.754508540452E-09 -5.725315499472E-11 |
  1         1 -- 2  |       LINES-1       | Full Interaction    | 100.000 | -1.754508540452E-09 -9.999999984582E-02 -3.944276257150E-09 |
                    |                     |       Matrix        |         | -5.725315499472E-11 -3.944276257150E-09 -9.999987910312E-02 |
                    |                     |                     |         |---------- Decomposition of the Full Interaction Matrix -----|
                    |                     |                     |         | -9.999991931627E-02  0.000000000000E+00  0.000000000000E+00 |
  1         1 -- 2  |       LINES-1       | Isotropic Term      | 100.000 |  0.000000000000E+00 -9.999991931627E-02  0.000000000000E+00 |
                    |                     |                     |         |  0.000000000000E+00  0.000000000000E+00 -9.999991931627E-02 |
                    |                     |                     |         |-------------------------------------------------------------|
                    |                     |                     |         |  4.031639563862E-08 -1.754508540452E-09 -5.725315499472E-11 |
  1         1 -- 2  |       LINES-1       | Symmetric Term      |   0.000 | -1.754508540452E-09 -8.052954905691E-08 -3.944276257150E-09 |
                    |                     |                     |         | -5.725315499472E-11 -3.944276257150E-09  4.021315345992E-08 |
                    |                     |                     |         |-------------------------------------------------------------|
                    |                     |                     |         |  0.000000000000E+00  0.000000000000E+00  0.000000000000E+00 |
  1         1 -- 2  |       LINES-1       | Anti-Symmetric Term |   0.000 |  0.000000000000E+00  0.000000000000E+00  0.000000000000E+00 |
                    |                     |                     |         |  0.000000000000E+00  0.000000000000E+00  0.000000000000E+00 |
--------------------|---------------------|---------------------|---------|-------------------------------------------------------------|

%%%%%%%%%%%%%%%%%%%%%%%%%%%%%%%%%%%%%%%%%%%%%%%%%%%%%%%%%%%%%%%%%%%%%%%%%%%%%%%%%%%%%%%%%%%%%%%%%%%%
          EigenValues of the Magnetic Interaction
%%%%%%%%%%%%%%%%%%%%%%%%%%%%%%%%%%%%%%%%%%%%%%%%%%%%%%%%%%%%%%%%%%%%%%%%%%%%%%%%%%%%%%%%%%%%%%%%%%%%
Coupled|     Lines Model      |         Total Magnetic Interaction          |
State  |  absolute val., cm-1 |  absolute val., cm-1 |  relative val., cm-1 |
-------|----------------------|---------------------------------------------|
    1  |     -0.074999939487  |     -0.074999939487  |      0.000000000000  |
    2  |      0.024999939487  |      0.024999939487  |      0.099999878974  |
    3  |      0.025000000000  |      0.025000000000  |      0.099999939487  |
    4  |      0.025000000000  |      0.025000000000  |      0.099999939487  |
-------|----------------------|---------------------------------------------|
          EigenVectors of the Total Magnetic Interaction are not printed.
          If you need them, set a higher print level by using PRLV key.
--------------------------------------------------
               POPULATION ANALYSIS
       (i.e. diagonal value of density matrices of the interacting sites)
--------------------------------------------------
--------|-----|------------|------------|
Exchange|Basis|   center   |   center   |
 state  | set |      1     |      2     |
--------|-----|------------|------------|
     1  |  1  | 0.50000000 | 0.50000000 |
     1  |  2  | 0.50000000 | 0.50000000 |
--------|-----|------------|------------|
     2  |  1  | 0.50000000 | 0.50000000 |
     2  |  2  | 0.50000000 | 0.50000000 |
--------|-----|------------|------------|
     3  |  1  | 0.50019395 | 0.50019395 |
     3  |  2  | 0.49980605 | 0.49980605 |
--------|-----|------------|------------|
     4  |  1  | 0.49980605 | 0.49980605 |
     4  |  2  | 0.50019395 | 0.50019395 |
--------|-----|------------|------------|

EXPECTATION VALUES
--------|----|------------------------------|----------|------------------------------|----------|
Exchange|Site|   MAGNETIC MOMENT (M=-L-2S)  |   NORM   |        SPIN MOMENT (S)       |   NORM   |
 state  | Nr.|     X         Y         Z    |          |     X         Y         Z    |          |
--------|----|------------------------------|----------|------------------------------|----------|
    1   |  1 |  0.09768  -0.15533   0.00000 |  0.18349 | -0.04885   0.07768  -0.00000 |  0.09176 |
        |  2 | -0.09768   0.15533  -0.00000 |  0.18349 |  0.04885  -0.07768   0.00000 |  0.09176 |
--------|----|------------------------------|----------|------------------------------|----------|
    2   |  1 |  0.00471  -0.00750   0.00000 |  0.00886 | -0.00236   0.00375  -0.00000 |  0.00443 |
        |  2 |  0.00471  -0.00750   0.00000 |  0.00886 | -0.00236   0.00375  -0.00000 |  0.00443 |
--------|----|------------------------------|----------|------------------------------|----------|
    3   |  1 | -0.00471   0.00750  -0.00000 |  0.00886 |  0.00236  -0.00375   0.00000 |  0.00443 |
        |  2 | -0.00471   0.00750  -0.00000 |  0.00886 |  0.00236  -0.00375   0.00000 |  0.00443 |
--------|----|------------------------------|----------|------------------------------|----------|
    4   |  1 | -0.09768   0.15533  -0.00000 |  0.18349 |  0.04885  -0.07768   0.00000 |  0.09176 |
        |  2 |  0.09768  -0.15533   0.00000 |  0.18349 | -0.04885   0.07768  -0.00000 |  0.09176 |
--------|----|------------------------------|----------|------------------------------|----------|


--------|----|------------------------------|----------|------------------------------|----------|
Exchange|Site|      ORBITAL MOMENT (L)      |   NORM   |     TOTAL MOMENT (J=L+S)     |   NORM   |
 state  | Nr.|     X         Y         Z    |          |     X         Y         Z    |          |
--------|----|------------------------------|----------|------------------------------|----------|
    1   |  1 |  0.00014  -0.00022   0.00000 |  0.00026 | -0.04871   0.07746  -0.00000 |  0.09151 |
        |  2 | -0.00014   0.00022  -0.00000 |  0.00026 |  0.04871  -0.07746   0.00000 |  0.09151 |
--------|----|------------------------------|----------|------------------------------|----------|
    2   |  1 |  0.00001  -0.00001   0.00000 |  0.00001 | -0.00235   0.00374  -0.00000 |  0.00442 |
        |  2 |  0.00001  -0.00001   0.00000 |  0.00001 | -0.00235   0.00374  -0.00000 |  0.00442 |
--------|----|------------------------------|----------|------------------------------|----------|
    3   |  1 | -0.00001   0.00001  -0.00000 |  0.00001 |  0.00235  -0.00374   0.00000 |  0.00442 |
        |  2 | -0.00001   0.00001  -0.00000 |  0.00001 |  0.00235  -0.00374   0.00000 |  0.00442 |
--------|----|------------------------------|----------|------------------------------|----------|
    4   |  1 | -0.00014   0.00022  -0.00000 |  0.00026 |  0.04871  -0.07746   0.00000 |  0.09151 |
        |  2 |  0.00014  -0.00022   0.00000 |  0.00026 | -0.04871   0.07746  -0.00000 |  0.09151 |
--------|----|------------------------------|----------|------------------------------|----------|

%%%%%%%%%%%%%%%%%%%%%%%%%%%%%%%%%%%%%%%%%%%%%%%%%%%%%%%%%%%%%%%%%%%%%%%%%%%%%%%%%%%%%%%%%%%%%%%
                                   CALCULATION OF THE MAGNETIC SUSCEPTIBILITY
%%%%%%%%%%%%%%%%%%%%%%%%%%%%%%%%%%%%%%%%%%%%%%%%%%%%%%%%%%%%%%%%%%%%%%%%%%%%%%%%%%%%%%%%%%%%%%%

  Temperature dependence of the magnetic susceptibility will be calculated in 32 points, 
  equally distributed in temperature range  0.0 --- 300.0 K.

----------------------------------------------------------------------------------------|
     |     T      | STATISTICAL |     X*T     |     X*T     |      X      |     1/X     |
     |            |  SUM (Z)    |    (zJ=0)   |             |             |             |
-----|----------------------------------------------------------------------------------|
Units|   Kelvin   |    ---      |  cm3*K/mol  |  cm3*K/mol  |   cm3/mol   |   mol/cm3   |
-----|----------------------------------------------------------------------------------|
     |   0.000100 | 0.10000E+01 |  0.00208558 |  0.00208558 | 0.20856E+02 | 0.47948E-01 |
     |  10.000000 | 0.39571E+01 |  0.75287197 |  0.75287197 | 0.75287E-01 | 0.13282E+02 |
     |  20.000000 | 0.39785E+01 |  0.75153089 |  0.75153089 | 0.37577E-01 | 0.26612E+02 |
     |  30.000000 | 0.39856E+01 |  0.75108724 |  0.75108724 | 0.25036E-01 | 0.39942E+02 |
     |  40.000000 | 0.39892E+01 |  0.75086814 |  0.75086814 | 0.18772E-01 | 0.53272E+02 |
     |  50.000000 | 0.39914E+01 |  0.75073891 |  0.75073891 | 0.15015E-01 | 0.66601E+02 |
     |  60.000000 | 0.39928E+01 |  0.75065461 |  0.75065461 | 0.12511E-01 | 0.79930E+02 |
     |  70.000000 | 0.39938E+01 |  0.75059599 |  0.75059599 | 0.10723E-01 | 0.93259E+02 |
     |  80.000000 | 0.39946E+01 |  0.75055343 |  0.75055343 | 0.93819E-02 | 0.10659E+03 |
     |  90.000000 | 0.39952E+01 |  0.75052157 |  0.75052157 | 0.83391E-02 | 0.11992E+03 |
     | 100.000000 | 0.39957E+01 |  0.75049721 |  0.75049721 | 0.75050E-02 | 0.13324E+03 |
     | 110.000000 | 0.39961E+01 |  0.75047829 |  0.75047829 | 0.68225E-02 | 0.14657E+03 |
     | 120.000000 | 0.39964E+01 |  0.75046346 |  0.75046346 | 0.62539E-02 | 0.15990E+03 |
     | 130.000000 | 0.39967E+01 |  0.75045178 |  0.75045178 | 0.57727E-02 | 0.17323E+03 |
     | 140.000000 | 0.39969E+01 |  0.75044256 |  0.75044256 | 0.53603E-02 | 0.18656E+03 |
     | 150.000000 | 0.39971E+01 |  0.75043532 |  0.75043532 | 0.50029E-02 | 0.19988E+03 |
     | 160.000000 | 0.39973E+01 |  0.75042969 |  0.75042969 | 0.46902E-02 | 0.21321E+03 |
     | 170.000000 | 0.39975E+01 |  0.75042538 |  0.75042538 | 0.44143E-02 | 0.22654E+03 |
     | 180.000000 | 0.39976E+01 |  0.75042217 |  0.75042217 | 0.41690E-02 | 0.23986E+03 |
     | 190.000000 | 0.39977E+01 |  0.75041988 |  0.75041988 | 0.39496E-02 | 0.25319E+03 |
     | 200.000000 | 0.39978E+01 |  0.75041839 |  0.75041839 | 0.37521E-02 | 0.26652E+03 |
     | 210.000000 | 0.39979E+01 |  0.75041758 |  0.75041758 | 0.35734E-02 | 0.27984E+03 |
     | 220.000000 | 0.39980E+01 |  0.75041734 |  0.75041734 | 0.34110E-02 | 0.29317E+03 |
     | 230.000000 | 0.39981E+01 |  0.75041762 |  0.75041762 | 0.32627E-02 | 0.30650E+03 |
     | 240.000000 | 0.39982E+01 |  0.75041834 |  0.75041834 | 0.31267E-02 | 0.31982E+03 |
     | 250.000000 | 0.39983E+01 |  0.75041945 |  0.75041945 | 0.30017E-02 | 0.33315E+03 |
     | 260.000000 | 0.39983E+01 |  0.75042091 |  0.75042091 | 0.28862E-02 | 0.34647E+03 |
     | 270.000000 | 0.39984E+01 |  0.75042267 |  0.75042267 | 0.27793E-02 | 0.35980E+03 |
     | 280.000000 | 0.39985E+01 |  0.75042471 |  0.75042471 | 0.26801E-02 | 0.37312E+03 |
     | 290.000000 | 0.39985E+01 |  0.75042699 |  0.75042699 | 0.25877E-02 | 0.38645E+03 |
     | 300.000000 | 0.39986E+01 |  0.75042950 |  0.75042950 | 0.25014E-02 | 0.39977E+03 |
-----|----------------------------------------------------------------------------------|


--------------------------------------------------------------------------------------------------------------|
                               VAN VLECK SUSCEPTIBILITY TENSOR FOR zJ = 0,  in cm3*K/mol                      |
--------------------------------------------------------------------------------------------------------------|
     T(K)   |   |          SUSCEPTIBILITY TENSOR      |    MAIN VALUES  |               MAIN AXES             |
------------|---|------- x --------- y --------- z ---|-----------------|------ x --------- y --------- z ----|
            | x |    0.002086    0.000000   -0.000000 |  X:    0.002085 | -0.53233508  0.84653373  0.00000000 |
   0.000100 | y |    0.000000    0.002085   -0.000000 |  Y:    0.002086 |  0.05573839  0.03505058  0.99782999 |
            | z |   -0.000000   -0.000000    0.002086 |  Z:    0.002086 |  0.84469675  0.53117991 -0.06584308 |
------------|---|------- x --------- y --------- z ---|-----------------|------ x --------- y --------- z ----|
            | x |    0.752889    0.000154    0.000000 |  X:    0.752643 |  0.53233508 -0.84653373  0.00000000 |
  10.000000 | y |    0.000154    0.752741    0.000000 |  Y:    0.752986 |  0.26071331  0.16394721 -0.95139365 |
            | z |    0.000000    0.000000    0.752986 |  Z:    0.752986 |  0.80538682  0.50646022  0.30797746 |
------------|---|------- x --------- y --------- z ---|-----------------|------ x --------- y --------- z ----|
            | x |    0.751547    0.000147    0.000000 |  X:    0.751314 |  0.53233508 -0.84653373  0.00000000 |
  20.000000 | y |    0.000147    0.751406    0.000000 |  Y:    0.751639 |  0.16381009  0.10301050 -0.98109892 |
            | z |    0.000000    0.000000    0.751639 |  Z:    0.751639 |  0.83053333  0.52227337  0.19350687 |
------------|---|------- x --------- y --------- z ---|-----------------|------ x --------- y --------- z ----|
            | x |    0.751103    0.000139    0.000000 |  X:    0.750882 |  0.53233508 -0.84653373  0.00000000 |
  30.000000 | y |    0.000139    0.750969    0.000000 |  Y:    0.751190 |  0.45992085  0.28921707 -0.83953933 |
            | z |    0.000000    0.000000    0.751190 |  Z:    0.751190 |  0.71069837  0.44691624  0.54329891 |
------------|---|------- x --------- y --------- z ---|-----------------|------ x --------- y --------- z ----|
            | x |    0.750883    0.000131    0.000000 |  X:    0.750674 |  0.53233508 -0.84653373  0.00000000 |
  40.000000 | y |    0.000131    0.750756    0.000000 |  Y:    0.750965 |  0.15415928  0.09694167 -0.98327881 |
            | z |    0.000000    0.000000    0.750965 |  Z:    0.750965 |  0.83237869  0.52343381  0.18210649 |
------------|---|------- x --------- y --------- z ---|-----------------|------ x --------- y --------- z ----|
            | x |    0.750753    0.000124    0.000000 |  X:    0.750556 |  0.53233508 -0.84653373  0.00000000 |
  50.000000 | y |    0.000124    0.750634    0.000000 |  Y:    0.750830 |  0.25509614  0.16041490 -0.95351614 |
            | z |    0.000000    0.000000    0.750830 |  Z:    0.750830 |  0.80718357  0.50759009  0.30134196 |
------------|---|------- x --------- y --------- z ---|-----------------|------ x --------- y --------- z ----|
            | x |    0.750667    0.000116    0.000000 |  X:    0.750483 |  0.53233508 -0.84653373  0.00000000 |
  60.000000 | y |    0.000116    0.750556    0.000000 |  Y:    0.750740 |  0.29215113  0.18371660 -0.93856056 |
            | z |    0.000000    0.000000    0.750740 |  Z:    0.750740 |  0.79452318  0.49962871  0.34511458 |
------------|---|------- x --------- y --------- z ---|-----------------|------ x --------- y --------- z ----|
            | x |    0.750608    0.000108    0.000000 |  X:    0.750436 |  0.53233508 -0.84653373  0.00000000 |
  70.000000 | y |    0.000108    0.750504    0.000000 |  Y:    0.750676 |  0.36064938  0.22679110 -0.90470870 |
            | z |    0.000000    0.000000    0.750676 |  Z:    0.750676 |  0.76586643  0.48160818  0.42603072 |
------------|---|------- x --------- y --------- z ---|-----------------|------ x --------- y --------- z ----|
            | x |    0.750565    0.000101    0.000000 |  X:    0.750404 |  0.53233508 -0.84653373  0.00000000 |
  80.000000 | y |    0.000101    0.750468    0.000000 |  Y:    0.750628 |  0.33701182  0.21192684 -0.91733857 |
            | z |    0.000000    0.000000    0.750628 |  Z:    0.750628 |  0.77655804  0.48833150  0.39810796 |
------------|---|------- x --------- y --------- z ---|-----------------|------ x --------- y --------- z ----|
            | x |    0.750532    0.000093    0.000000 |  X:    0.750384 |  0.53233508 -0.84653373  0.00000000 |
  90.000000 | y |    0.000093    0.750442    0.000000 |  Y:    0.750591 |  0.37505914  0.23585255 -0.89649552 |
            | z |    0.000000    0.000000    0.750591 |  Z:    0.750591 |  0.75891370  0.47723602  0.44305280 |
------------|---|------- x --------- y --------- z ---|-----------------|------ x --------- y --------- z ----|
            | x |    0.750507    0.000086    0.000000 |  X:    0.750370 |  0.53233508 -0.84653373  0.00000000 |
 100.000000 | y |    0.000086    0.750424    0.000000 |  Y:    0.750561 |  0.14624081  0.09196221 -0.98496527 |
            | z |    0.000000    0.000000    0.750561 |  Z:    0.750561 |  0.83380632  0.52433157  0.17275249 |
------------|---|------- x --------- y --------- z ---|-----------------|------ x --------- y --------- z ----|
            | x |    0.750487    0.000078    0.000000 |  X:    0.750363 |  0.53233509 -0.84653373  0.00000000 |
 110.000000 | y |    0.000078    0.750412    0.000000 |  Y:    0.750536 |  0.24390244  0.15337585 -0.95759462 |
            | z |    0.000000    0.000000    0.750536 |  Z:    0.750536 |  0.81063614  0.50976121  0.28811899 |
------------|---|------- x --------- y --------- z ---|-----------------|------ x --------- y --------- z ----|
            | x |    0.750471    0.000071    0.000000 |  X:    0.750359 |  0.53233509 -0.84653373  0.00000000 |
 120.000000 | y |    0.000071    0.750403    0.000000 |  Y:    0.750516 |  0.30940599  0.19456716 -0.93081231 |
            | z |    0.000000    0.000000    0.750516 |  Z:    0.750516 |  0.78796402  0.49550405  0.36549753 |
------------|---|------- x --------- y --------- z ---|-----------------|------ x --------- y --------- z ----|
            | x |    0.750459    0.000063    0.000000 |  X:    0.750359 |  0.53233509 -0.84653373  0.00000000 |
 130.000000 | y |    0.000063    0.750398    0.000000 |  Y:    0.750498 |  0.15554253  0.09781152 -0.98297478 |
            | z |    0.000000    0.000000    0.750498 |  Z:    0.750498 |  0.83212131  0.52327197  0.18374050 |
------------|---|------- x --------- y --------- z ---|-----------------|------ x --------- y --------- z ----|
            | x |    0.750449    0.000055    0.000000 |  X:    0.750361 |  0.53233509 -0.84653373  0.00000000 |
 140.000000 | y |    0.000055    0.750395    0.000000 |  Y:    0.750484 |  0.54359626  0.34183560 -0.76658433 |
            | z |    0.000000    0.000000    0.750484 |  Z:    0.750484 |  0.64893949  0.40807974  0.64214365 |
------------|---|------- x --------- y --------- z ---|-----------------|------ x --------- y --------- z ----|
            | x |    0.750441    0.000048    0.000000 |  X:    0.750365 |  0.53233509 -0.84653373  0.00000000 |
 150.000000 | y |    0.000048    0.750395    0.000000 |  Y:    0.750471 |  0.36897767  0.23202828 -0.90001020 |
            | z |    0.000000    0.000000    0.750471 |  Z:    0.750471 |  0.76188899  0.47910701  0.43586884 |
------------|---|------- x --------- y --------- z ---|-----------------|------ x --------- y --------- z ----|
            | x |    0.750434    0.000040    0.000000 |  X:    0.750370 |  0.53233510 -0.84653372  0.00000000 |
 160.000000 | y |    0.000040    0.750395    0.000000 |  Y:    0.750459 |  0.20859376  0.13117231 -0.96916586 |
            | z |    0.000000    0.000000    0.750459 |  Z:    0.750459 |  0.82043159  0.51592100  0.24640928 |
------------|---|------- x --------- y --------- z ---|-----------------|------ x --------- y --------- z ----|
            | x |    0.750429    0.000033    0.000000 |  X:    0.750377 |  0.53233510 -0.84653372  0.00000000 |
 170.000000 | y |    0.000033    0.750398    0.000000 |  Y:    0.750450 |  0.17471595  0.10986855 -0.97846984 |
            | z |    0.000000    0.000000    0.750450 |  Z:    0.750450 |  0.82830772  0.52087384  0.20638983 |
------------|---|------- x --------- y --------- z ---|-----------------|------ x --------- y --------- z ----|
            | x |    0.750425    0.000025    0.000000 |  X:    0.750385 |  0.53233511 -0.84653372  0.00000000 |
 180.000000 | y |    0.000025    0.750401    0.000000 |  Y:    0.750441 |  0.38017477  0.23906948 -0.89348359 |
            | z |    0.000000    0.000000    0.750441 |  Z:    0.750441 |  0.75636399  0.47563268  0.44909583 |
------------|---|------- x --------- y --------- z ---|-----------------|------ x --------- y --------- z ----|
            | x |    0.750422    0.000017    0.000000 |  X:    0.750394 |  0.53233512 -0.84653371  0.00000000 |
 190.000000 | y |    0.000017    0.750405    0.000000 |  Y:    0.750433 |  0.58302393  0.36662937 -0.72502828 |
            | z |    0.000000    0.000000    0.750433 |  Z:    0.750433 |  0.61376088  0.38595802  0.68871910 |
------------|---|------- x --------- y --------- z ---|-----------------|------ x --------- y --------- z ----|
            | x |    0.750419    0.000010    0.000000 |  X:    0.750404 |  0.53233516 -0.84653368  0.00000000 |
 200.000000 | y |    0.000010    0.750410    0.000000 |  Y:    0.750426 |  0.25108547  0.15789286 -0.95500049 |
            | z |    0.000000    0.000000    0.750426 |  Z:    0.750426 |  0.80844008  0.50838034  0.29660423 |
------------|---|------- x --------- y --------- z ---|-----------------|------ x --------- y --------- z ----|
            | x |    0.750418    0.000002    0.000000 |  X:    0.750414 |  0.53233544 -0.84653351  0.00000001 |
 210.000000 | y |    0.000002    0.750416    0.000000 |  Y:    0.750419 |  0.20596302  0.12951809 -0.96995067 |
            | z |    0.000000    0.000000    0.750419 |  Z:    0.750419 |  0.82109574  0.51633911  0.24330167 |
------------|---|------- x --------- y --------- z ---|-----------------|------ x --------- y --------- z ----|
            | x |    0.750417   -0.000005    0.000000 |  X:    0.750413 | -0.29445216 -0.18516350  0.93755661 |
 220.000000 | y |   -0.000005    0.750422    0.000000 |  Y:    0.750413 | -0.79367340 -0.49909412 -0.34783272 |
            | z |    0.000000    0.000000    0.750413 |  Z:    0.750425 |  0.53233492 -0.84653384 -0.00000000 |
------------|---|------- x --------- y --------- z ---|-----------------|------ x --------- y --------- z ----|
            | x |    0.750416   -0.000013    0.000000 |  X:    0.750408 | -0.69339837 -0.43603721  0.57364645 |
 230.000000 | y |   -0.000013    0.750429    0.000000 |  Y:    0.750408 |  0.48561110  0.30537209  0.81910301 |
            | z |    0.000000    0.000000    0.750408 |  Z:    0.750437 |  0.53233501 -0.84653378 -0.00000000 |
------------|---|------- x --------- y --------- z ---|-----------------|------ x --------- y --------- z ----|
            | x |    0.750416   -0.000020    0.000000 |  X:    0.750403 | -0.32643550 -0.20527599  0.92266009 |
 240.000000 | y |   -0.000020    0.750436    0.000000 |  Y:    0.750403 | -0.78106291 -0.49116429 -0.38561427 |
            | z |    0.000000    0.000000    0.750403 |  Z:    0.750449 |  0.53233503 -0.84653376 -0.00000000 |
------------|---|------- x --------- y --------- z ---|-----------------|------ x --------- y --------- z ----|
            | x |    0.750416   -0.000028    0.000000 |  X:    0.750399 | -0.28615095 -0.17994342  0.94113655 |
 250.000000 | y |   -0.000028    0.750443    0.000000 |  Y:    0.750399 | -0.79670385 -0.50099997 -0.33802663 |
            | z |    0.000000    0.000000    0.750399 |  Z:    0.750461 |  0.53233505 -0.84653376  0.00000000 |
------------|---|------- x --------- y --------- z ---|-----------------|------ x --------- y --------- z ----|
            | x |    0.750417   -0.000036   -0.000000 |  X:    0.750395 | -0.15043076 -0.09459702  0.98408434 |
 260.000000 | y |   -0.000036    0.750451    0.000000 |  Y:    0.750395 | -0.83306061 -0.52386259 -0.17770203 |
            | z |   -0.000000    0.000000    0.750395 |  Z:    0.750474 |  0.53233505 -0.84653375 -0.00000000 |
------------|---|------- x --------- y --------- z ---|-----------------|------ x --------- y --------- z ----|
            | x |    0.750418   -0.000043    0.000000 |  X:    0.750391 | -0.29382665 -0.18477022  0.93783040 |
 270.000000 | y |   -0.000043    0.750459    0.000000 |  Y:    0.750391 | -0.79390509 -0.49924000 -0.34709384 |
            | z |    0.000000    0.000000    0.750391 |  Z:    0.750487 |  0.53233506 -0.84653375 -0.00000000 |
------------|---|------- x --------- y --------- z ---|-----------------|------ x --------- y --------- z ----|
            | x |    0.750419   -0.000051    0.000000 |  X:    0.750387 | -0.50432163 -0.31713808  0.80317067 |
 280.000000 | y |   -0.000051    0.750468    0.000000 |  Y:    0.750387 | -0.67991108 -0.42755591 -0.59574900 |
            | z |    0.000000    0.000000    0.750387 |  Z:    0.750500 |  0.53233506 -0.84653375 -0.00000000 |
------------|---|------- x --------- y --------- z ---|-----------------|------ x --------- y --------- z ----|
            | x |    0.750421   -0.000058    0.000000 |  X:    0.750384 | -0.36911541 -0.23211488  0.89993139 |
 290.000000 | y |   -0.000058    0.750477    0.000000 |  Y:    0.750384 | -0.76182229 -0.47906503 -0.43603154 |
            | z |    0.000000    0.000000    0.750384 |  Z:    0.750513 |  0.53233506 -0.84653375 -0.00000000 |
------------|---|------- x --------- y --------- z ---|-----------------|------ x --------- y --------- z ----|
            | x |    0.750422   -0.000066    0.000000 |  X:    0.750381 | -0.21915012 -0.13781056  0.96590966 |
 300.000000 | y |   -0.000066    0.750486    0.000000 |  Y:    0.750381 | -0.81767512 -0.51418758 -0.25887937 |
            | z |    0.000000    0.000000    0.750381 |  Z:    0.750527 |  0.53233506 -0.84653374 -0.00000000 |
--------------------------------------------------------------------------------------------------------------|
Computation of the magnetization torque ... skipped by the user
Computation of the molar magnetization ... skipped by the user

-@-#-$-%-&-*--@-#-$-%-&-*--@-#-$-%-&-*--@-#-$-%-&-*--@-#-$-%-&-*--@-#-$-%-&-*--@-#-$-%-&-*--@-#-$-%-&-*--@-#-$-%-&-*--@-#-$-%-&-*-

          HAPPY   LANDING !!!   POLY_ANISO ENDED  OK !

-*-&-%-$-#-@--*-&-%-$-#-@--*-&-%-$-#-@--*-&-%-$-#-@--*-&-%-$-#-@--*-&-%-$-#-@--*-&-%-$-#-@--*-&-%-$-#-@--*-&-%-$-#-@--*-&-%-$-#-@-
 POLY_ANISO finished sucessfully!
