ccccccccccccccccccccccccccccccccccccccccccccccccccccccccccccccccccccccccccccccccccccccccccccccccccc
c                  ____            __                 ___              _                          c
c                 / __ \  ____    / / __  __         /   |    ____    (_) _____  ____             c
c                / /_/ / / __ \  / / / / / /        / /| |   / __ \  / / / ___/ / __ \            c
c               / ____/ / /_/ / / / / /_/ /        / ___ |  / / / / / / (__  ) / /_/ /            c
c              /_/      \____/ /_/  \__, /  ______/_/  |_| /_/ /_/ /_/ /____/  \____/             c
c                                  /____/  /_____/                                                c
c                                                                                                 c
c                                                                                                 c
c                                     POLY_ANISO Program                                          c
c                                                                                                 c
c           developed by Liviu Ungur          --  Liviu.Ungur@nus.edu.sg                          c
c                        Liviu F. Chibotaru   --  Liviu.Chibotaru@kuleuven.be                     c
c                                                                                                 c
c                     at National University of Singapore     and                                 c
c                        KU Leuven                                                                c
c                                                                                                 c
c   Program version :  v1.0.0                                                                     c
c   Compiled on     : 04-12-25                                                                                 c
ccccccccccccccccccccccccccccccccccccccccccccccccccccccccccccccccccccccccccccccccccccccccccccccccccc
The code allocated at least:           16136 bytes of memory for this run.

The program runs in serial

Number of independent centers --------------- :  2
Number of all centers ----------------------- :  2


Information about individual magnetic sites
(as read from the corresponding datafiles)
----------------------------------------------:
Center type 1:
  This center was computed ab initio -------- :  TRUE
  Data file for this center ----------------- :  aniso_1.input
  Cartesian coordinates (x,y,z), in Angstrom  :       0.00000000     0.00000000     0.00000000
  Number of centers of this kind ------------ :  1
  Local basis for exchange interaction ------ :  2
  Number of spin-orbit states --------------- :  4
  Spin-orbit energy spectra (cm-1) ---------- :      0.000      0.000  29361.197  29361.197
  Number of spin-free states ---------------- :  2
  g_tensor ( pseudospin =  1/2 ) ------------ :                         x        y        z
                                              : gX =  2.00000 Xm : -0.66776 -0.41991  0.61463
                                              : gY =  2.00000 Ym : -0.52030 -0.32719 -0.78882
                                              : gZ =  1.99952 Zm :  0.53234 -0.84653  0.00000
  Rotation Matrices for this center type ---- :
                         equivalent center 1  :  1.00000  0.00000  0.00000
                                              :  0.00000  1.00000  0.00000
                                              :  0.00000  0.00000  1.00000
Center type 1:
  This center was computed ab initio -------- :  TRUE
  Data file for this center ----------------- :  aniso_2.input
  Cartesian coordinates (x,y,z), in Angstrom  :       0.00000000     0.00000000     3.70000000
  Number of centers of this kind ------------ :  1
  Local basis for exchange interaction ------ :  2
  Number of spin-orbit states --------------- :  4
  Spin-orbit energy spectra (cm-1) ---------- :      0.000      0.000  29361.197  29361.197
  Number of spin-free states ---------------- :  2
  g_tensor ( pseudospin =  1/2 ) ------------ :                         x        y        z
                                              : gX =  2.00000 Xm :  0.84642  0.53227  0.01613
                                              : gY =  2.00000 Ym :  0.01366  0.00859 -0.99987
                                              : gZ =  1.99952 Zm : -0.53234  0.84653  0.00000
  Rotation Matrices for this center type ---- :
                         equivalent center 1  :  1.00000  0.00000  0.00000
                                              :  0.00000  1.00000  0.00000
                                              :  0.00000  0.00000  1.00000


Information about magnetic exchange couplings
----------------------------------------------:
  Number of exchange coupled states --------- :  4
  Number of interacting pairs (total) ------- :  1

  Magnetic dipole-dipole coupling for all     
  interacting metal pairs ------------------- :  INCLUDED
  Lines-1 model for magnetic interaction ---- :  INCLUDED
          Number of pairs for LINES-1 model - :  1
               pair 1 : centers  1 --  2      :    0.10000 (cm-1)

  Decomposition of magnetic interaction into   
  irreducible tensor operators (ITO) -------- :  INCLUDED

  Population analysis of the exchange system  :  INCLUDED

Computation of the EPR g-tensor ------------- :  NOT INCLUDED

Estimation of blocking barier for SMMs ------ :  NOT INCLUDED

Information about computation of magnetic
thermodynamic properties
----------------------------------------------:
  Intermolecular interaction parameter ------ :     0.000000 (cm-1)

  Computation of magnetic susceptibility ---- :
    -- in the limit of zero-applied field --- :  INCLUDED
  Temperature interval (min,max,npoints) ---- :      0.000 (K)   300.000 (K)   101
  Magnetic susceptibility tensors  ---------- :  INCLUDED


  Automatic generation of PLOTS ------------- :  NOT INCLUDED
----------------------------------------------------------------------------------------------------------------------------------------|
                        FIRST-ORDER ANISOTROPIC MAGNETIC COUPLING                                                                       |
                                                                                                                                        |
                                    ( xx, xy, xz )                                                                                      |
                          S1  x   J ( yx, yy, yz )  x  S2                                                                               |
                                    ( zx, zy, zz )                                                                                      |
                     where the S1 and S2 are writren in the coordinate system of main magnetic axes                                     |
                                                                                                                                        |
  DECOMPOSITION:  FULL Interaction Matrix  =  Isotropic Term + Symmetric Term + Anti-Symmetric Term                                     |
--------------------|---------------------|---------------------|---------|-------------------------------------------------------------|
  Interacting Pair  |  Interaction Model  |  Full Interaction   | weight %|                    Interaction Matrix J                     |
- Nr ------- Pair --|---------------------|---------------------|---------|-------------------------------------------------------------|
                    |                     |                     |         |  7.447400039159E-02 -5.560448830148E-03 -6.650323657139E-02 |
  1         1 -- 2  |       LINES-1       | Full Interaction    | 100.000 |  4.224046751788E-03 -9.905969278245E-02  1.301286532819E-02 |
                    |                     |       Matrix        |         | -6.660147530887E-02 -1.250033703262E-02 -7.353883927145E-02 |
                    |                     |                     |         |---------- Decomposition of the Full Interaction Matrix -----|
                    |                     |                     |         | -3.270817722077E-02  0.000000000000E+00  0.000000000000E+00 |
  1         1 -- 2  |       LINES-1       | Isotropic Term      |  32.708 |  0.000000000000E+00 -3.270817722077E-02  0.000000000000E+00 |
                    |                     |                     |         |  0.000000000000E+00  0.000000000000E+00 -3.270817722077E-02 |
                    |                     |                     |         |-------------------------------------------------------------|
                    |                     |                     |         |  1.071821776124E-01 -6.682010391796E-04 -6.655235594013E-02 |
  1         1 -- 2  |       LINES-1       | Symmetric Term      |  93.839 | -6.682010391796E-04 -6.635151556168E-02  2.562641477858E-04 |
                    |                     |                     |         | -6.655235594013E-02  2.562641477858E-04 -4.083066205068E-02 |
                    |                     |                     |         |-------------------------------------------------------------|
                    |                     |                     |         |  0.000000000000E+00 -4.892247790968E-03  4.911936873875E-05 |
  1         1 -- 2  |       LINES-1       | Anti-Symmetric Term |  11.155 |  4.892247790968E-03  0.000000000000E+00  1.275660118040E-02 |
                    |                     |                     |         | -4.911936873875E-05 -1.275660118040E-02  0.000000000000E+00 |
--------------------|---------------------|---------------------|---------|-------------------------------------------------------------|
                    |                     |                     |         |  6.367712540022E-02  1.900941519030E-03 -6.197317794735E-03 |
  1         1 -- 2  |    DIPOLE-DIPOLE    | Full Interaction    | 100.000 | -1.443735409308E-03  3.385330889037E-02 -4.447662527150E-03 |
                    |                     |       Matrix        |         | -1.688008107997E-02  4.273469713162E-03  3.801498849139E-02 |
                    |                     |                     |         |---------- Decomposition of the Full Interaction Matrix -----|
                    |                     |                     |         |  4.518180759399E-02  0.000000000000E+00  0.000000000000E+00 |
  1         1 -- 2  |    DIPOLE-DIPOLE    | Isotropic Term      |  93.448 |  0.000000000000E+00  4.518180759399E-02  0.000000000000E+00 |
                    |                     |                     |         |  0.000000000000E+00  0.000000000000E+00  4.518180759399E-02 |
                    |                     |                     |         |-------------------------------------------------------------|
                    |                     |                     |         |  1.849531780623E-02  2.286030548610E-04 -1.153869943735E-02 |
  1         1 -- 2  |    DIPOLE-DIPOLE    | Symmetric Term      |  33.524 |  2.286030548610E-04 -1.132849870363E-02 -8.709640699414E-05 |
                    |                     |                     |         | -1.153869943735E-02 -8.709640699414E-05 -7.166819102601E-03 |
                    |                     |                     |         |-------------------------------------------------------------|
                    |                     |                     |         |  0.000000000000E+00  1.672338464169E-03  5.341381642615E-03 |
  1         1 -- 2  |    DIPOLE-DIPOLE    | Anti-Symmetric Term |  11.982 | -1.672338464169E-03  0.000000000000E+00 -4.360566120156E-03 |
                    |                     |                     |         | -5.341381642615E-03  4.360566120156E-03  0.000000000000E+00 |
--------------------|---------------------|---------------------|---------|-------------------------------------------------------------|

%%%%%%%%%%%%%%%%%%%%%%%%%%%%%%%%%%%%%%%%%%%%%%%%%%%%%%%%%%%%%%%%%%%%%%%%%%%%%%%%%%%%%%%%%%%%%%%%%%%%
          EigenValues of the Magnetic Interaction
%%%%%%%%%%%%%%%%%%%%%%%%%%%%%%%%%%%%%%%%%%%%%%%%%%%%%%%%%%%%%%%%%%%%%%%%%%%%%%%%%%%%%%%%%%%%%%%%%%%%
Coupled|     Lines Model      | Dipole-Dipole Inter. |         Total Magnetic Interaction          |
State  |  absolute val., cm-1 |  absolute val., cm-1 |  absolute val., cm-1 |  relative val., cm-1 |
-------|----------------------|----------------------|---------------------------------------------|
    1  |     -0.025000000000  |     -0.017099603330  |     -0.042099603330  |      0.000000000000  |
    2  |     -0.025000000000  |     -0.017091439586  |     -0.042091379074  |      0.000008224256  |
    3  |     -0.024999939487  |      0.000004081872  |      0.009186961044  |      0.051286564374  |
    4  |      0.074999939487  |      0.034186961044  |      0.075004021359  |      0.117103624688  |
-------|----------------------|----------------------|---------------------------------------------|
          EigenVectors of the Total Magnetic Interaction are not printed.
          If you need them, set a higher print level by using PRLV key.
--------------------------------------------------
               POPULATION ANALYSIS
       (i.e. diagonal value of density matrices of the interacting sites)
--------------------------------------------------
--------|-----|------------|------------|
Exchange|Basis|   center   |   center   |
 state  | set |      1     |      2     |
--------|-----|------------|------------|
     1  |  1  | 0.50000000 | 0.50000000 |
     1  |  2  | 0.50000000 | 0.50000000 |
--------|-----|------------|------------|
     2  |  1  | 0.50000000 | 0.50000000 |
     2  |  2  | 0.50000000 | 0.50000000 |
--------|-----|------------|------------|
     3  |  1  | 0.50000000 | 0.50000000 |
     3  |  2  | 0.50000000 | 0.50000000 |
--------|-----|------------|------------|
     4  |  1  | 0.50000000 | 0.50000000 |
     4  |  2  | 0.50000000 | 0.50000000 |
--------|-----|------------|------------|

EXPECTATION VALUES
--------|----|------------------------------|----------|------------------------------|----------|
Exchange|Site|   MAGNETIC MOMENT (M=-L-2S)  |   NORM   |        SPIN MOMENT (S)       |   NORM   |
 state  | Nr.|     X         Y         Z    |          |     X         Y         Z    |          |
--------|----|------------------------------|----------|------------------------------|----------|
    1   |  1 |  0.00000  -0.00000   1.00000 |  1.00000 | -0.00000   0.00000  -0.50000 |  0.50000 |
        |  2 |  0.00000  -0.00000   1.00000 |  1.00000 | -0.00000   0.00000  -0.50000 |  0.50000 |
--------|----|------------------------------|----------|------------------------------|----------|
    2   |  1 |  0.00000   0.00000  -1.00000 |  1.00000 |  0.00000  -0.00000   0.50000 |  0.50000 |
        |  2 |  0.00000   0.00000  -1.00000 |  1.00000 |  0.00000  -0.00000   0.50000 |  0.50000 |
--------|----|------------------------------|----------|------------------------------|----------|
    3   |  1 | -0.00000  -0.00000  -0.00000 |  0.00000 |  0.00000   0.00000   0.00000 |  0.00000 |
        |  2 |  0.00000  -0.00000   0.00000 |  0.00000 |  0.00000   0.00000  -0.00000 |  0.00000 |
--------|----|------------------------------|----------|------------------------------|----------|
    4   |  1 | -0.00000  -0.00000   0.00000 |  0.00000 |  0.00000   0.00000  -0.00000 |  0.00000 |
        |  2 |  0.00000  -0.00000  -0.00000 |  0.00000 |  0.00000  -0.00000   0.00000 |  0.00000 |
--------|----|------------------------------|----------|------------------------------|----------|


--------|----|------------------------------|----------|------------------------------|----------|
Exchange|Site|      ORBITAL MOMENT (L)      |   NORM   |     TOTAL MOMENT (J=L+S)     |   NORM   |
 state  | Nr.|     X         Y         Z    |          |     X         Y         Z    |          |
--------|----|------------------------------|----------|------------------------------|----------|
    1   |  1 |  0.00000  -0.00000   0.00116 |  0.00116 |  0.00000  -0.00000  -0.49884 |  0.49884 |
        |  2 | -0.00000   0.00000   0.00116 |  0.00116 | -0.00000   0.00000  -0.49884 |  0.49884 |
--------|----|------------------------------|----------|------------------------------|----------|
    2   |  1 | -0.00000   0.00000  -0.00116 |  0.00116 | -0.00000   0.00000   0.49884 |  0.49884 |
        |  2 | -0.00000   0.00000  -0.00116 |  0.00116 | -0.00000  -0.00000   0.49884 |  0.49884 |
--------|----|------------------------------|----------|------------------------------|----------|
    3   |  1 | -0.00000  -0.00000   0.00000 |  0.00000 |  0.00000   0.00000   0.00000 |  0.00000 |
        |  2 | -0.00000   0.00000   0.00000 |  0.00000 | -0.00000   0.00000  -0.00000 |  0.00000 |
--------|----|------------------------------|----------|------------------------------|----------|
    4   |  1 | -0.00000   0.00000   0.00000 |  0.00000 |  0.00000   0.00000  -0.00000 |  0.00000 |
        |  2 | -0.00000   0.00000   0.00000 |  0.00000 | -0.00000   0.00000   0.00000 |  0.00000 |
--------|----|------------------------------|----------|------------------------------|----------|

%%%%%%%%%%%%%%%%%%%%%%%%%%%%%%%%%%%%%%%%%%%%%%%%%%%%%%%%%%%%%%%%%%%%%%%%%%%%%%%%%%%%%%%%%%%%%%%
                                   CALCULATION OF THE MAGNETIC SUSCEPTIBILITY
%%%%%%%%%%%%%%%%%%%%%%%%%%%%%%%%%%%%%%%%%%%%%%%%%%%%%%%%%%%%%%%%%%%%%%%%%%%%%%%%%%%%%%%%%%%%%%%

  Temperature dependence of the magnetic susceptibility will be calculated in102 points, 
  equally distributed in temperature range  0.0 --- 300.0 K.

----------------------------------------------------------------------------------------|
     |     T      | STATISTICAL |     X*T     |     X*T     |      X      |     1/X     |
     |            |  SUM (Z)    |    (zJ=0)   |             |             |             |
-----|----------------------------------------------------------------------------------|
Units|   Kelvin   |    ---      |  cm3*K/mol  |  cm3*K/mol  |   cm3/mol   |   mol/cm3   |
-----|----------------------------------------------------------------------------------|
     |   0.000100 | 0.18884E+01 |  0.50154932 |  0.50154932 | 0.50155E+04 | 0.19938E-03 |
     |   3.000000 | 0.39211E+01 |  0.75904702 |  0.75904702 | 0.25302E+00 | 0.39523E+01 |
     |   6.000000 | 0.39601E+01 |  0.75464216 |  0.75464216 | 0.12577E+00 | 0.79508E+01 |
     |   9.000000 | 0.39733E+01 |  0.75316143 |  0.75316143 | 0.83685E-01 | 0.11950E+02 |
     |  12.000000 | 0.39799E+01 |  0.75241937 |  0.75241937 | 0.62702E-01 | 0.15949E+02 |
     |  15.000000 | 0.39839E+01 |  0.75197400 |  0.75197400 | 0.50132E-01 | 0.19947E+02 |
     |  18.000000 | 0.39866E+01 |  0.75167731 |  0.75167731 | 0.41760E-01 | 0.23946E+02 |
     |  21.000000 | 0.39885E+01 |  0.75146570 |  0.75146570 | 0.35784E-01 | 0.27945E+02 |
     |  24.000000 | 0.39899E+01 |  0.75130733 |  0.75130733 | 0.31304E-01 | 0.31944E+02 |
     |  27.000000 | 0.39910E+01 |  0.75118447 |  0.75118447 | 0.27822E-01 | 0.35943E+02 |
     |  30.000000 | 0.39919E+01 |  0.75108649 |  0.75108649 | 0.25036E-01 | 0.39942E+02 |
     |  33.000000 | 0.39927E+01 |  0.75100660 |  0.75100660 | 0.22758E-01 | 0.43941E+02 |
     |  36.000000 | 0.39933E+01 |  0.75094030 |  0.75094030 | 0.20859E-01 | 0.47940E+02 |
     |  39.000000 | 0.39938E+01 |  0.75088444 |  0.75088444 | 0.19253E-01 | 0.51939E+02 |
     |  42.000000 | 0.39942E+01 |  0.75083680 |  0.75083680 | 0.17877E-01 | 0.55938E+02 |
     |  45.000000 | 0.39946E+01 |  0.75079572 |  0.75079572 | 0.16684E-01 | 0.59936E+02 |
     |  48.000000 | 0.39950E+01 |  0.75075999 |  0.75075999 | 0.15641E-01 | 0.63935E+02 |
     |  51.000000 | 0.39953E+01 |  0.75072866 |  0.75072866 | 0.14720E-01 | 0.67934E+02 |
     |  54.000000 | 0.39955E+01 |  0.75070099 |  0.75070099 | 0.13902E-01 | 0.71933E+02 |
     |  57.000000 | 0.39958E+01 |  0.75067640 |  0.75067640 | 0.13170E-01 | 0.75932E+02 |
     |  60.000000 | 0.39960E+01 |  0.75065445 |  0.75065445 | 0.12511E-01 | 0.79930E+02 |
     |  63.000000 | 0.39962E+01 |  0.75063474 |  0.75063474 | 0.11915E-01 | 0.83929E+02 |
     |  66.000000 | 0.39963E+01 |  0.75061698 |  0.75061698 | 0.11373E-01 | 0.87928E+02 |
     |  69.000000 | 0.39965E+01 |  0.75060090 |  0.75060090 | 0.10878E-01 | 0.91926E+02 |
     |  72.000000 | 0.39966E+01 |  0.75058631 |  0.75058631 | 0.10425E-01 | 0.95925E+02 |
     |  75.000000 | 0.39968E+01 |  0.75057301 |  0.75057301 | 0.10008E-01 | 0.99924E+02 |
     |  78.000000 | 0.39969E+01 |  0.75056087 |  0.75056087 | 0.96226E-02 | 0.10392E+03 |
     |  81.000000 | 0.39970E+01 |  0.75054975 |  0.75054975 | 0.92660E-02 | 0.10792E+03 |
     |  84.000000 | 0.39971E+01 |  0.75053955 |  0.75053955 | 0.89350E-02 | 0.11192E+03 |
     |  87.000000 | 0.39972E+01 |  0.75053016 |  0.75053016 | 0.86268E-02 | 0.11592E+03 |
     |  90.000000 | 0.39973E+01 |  0.75052151 |  0.75052151 | 0.83391E-02 | 0.11992E+03 |
     |  93.000000 | 0.39974E+01 |  0.75051353 |  0.75051353 | 0.80700E-02 | 0.12392E+03 |
     |  96.000000 | 0.39975E+01 |  0.75050615 |  0.75050615 | 0.78178E-02 | 0.12791E+03 |
     |  99.000000 | 0.39976E+01 |  0.75049932 |  0.75049932 | 0.75808E-02 | 0.13191E+03 |
     | 102.000000 | 0.39976E+01 |  0.75049300 |  0.75049300 | 0.73578E-02 | 0.13591E+03 |
     | 105.000000 | 0.39977E+01 |  0.75048713 |  0.75048713 | 0.71475E-02 | 0.13991E+03 |
     | 108.000000 | 0.39978E+01 |  0.75048167 |  0.75048167 | 0.69489E-02 | 0.14391E+03 |
     | 111.000000 | 0.39978E+01 |  0.75047661 |  0.75047661 | 0.67611E-02 | 0.14791E+03 |
     | 114.000000 | 0.39979E+01 |  0.75047190 |  0.75047190 | 0.65831E-02 | 0.15190E+03 |
     | 117.000000 | 0.39979E+01 |  0.75046751 |  0.75046751 | 0.64143E-02 | 0.15590E+03 |
     | 120.000000 | 0.39980E+01 |  0.75046343 |  0.75046343 | 0.62539E-02 | 0.15990E+03 |
     | 123.000000 | 0.39980E+01 |  0.75045963 |  0.75045963 | 0.61013E-02 | 0.16390E+03 |
     | 126.000000 | 0.39981E+01 |  0.75045610 |  0.75045610 | 0.59560E-02 | 0.16790E+03 |
     | 129.000000 | 0.39981E+01 |  0.75045280 |  0.75045280 | 0.58175E-02 | 0.17190E+03 |
     | 132.000000 | 0.39982E+01 |  0.75044973 |  0.75044973 | 0.56852E-02 | 0.17589E+03 |
     | 135.000000 | 0.39982E+01 |  0.75044687 |  0.75044687 | 0.55589E-02 | 0.17989E+03 |
     | 138.000000 | 0.39982E+01 |  0.75044421 |  0.75044421 | 0.54380E-02 | 0.18389E+03 |
     | 141.000000 | 0.39983E+01 |  0.75044174 |  0.75044174 | 0.53223E-02 | 0.18789E+03 |
     | 144.000000 | 0.39983E+01 |  0.75043943 |  0.75043943 | 0.52114E-02 | 0.19189E+03 |
     | 147.000000 | 0.39984E+01 |  0.75043729 |  0.75043729 | 0.51050E-02 | 0.19589E+03 |
     | 150.000000 | 0.39984E+01 |  0.75043531 |  0.75043531 | 0.50029E-02 | 0.19988E+03 |
     | 153.000000 | 0.39984E+01 |  0.75043346 |  0.75043346 | 0.49048E-02 | 0.20388E+03 |
     | 156.000000 | 0.39984E+01 |  0.75043175 |  0.75043175 | 0.48105E-02 | 0.20788E+03 |
     | 159.000000 | 0.39985E+01 |  0.75043017 |  0.75043017 | 0.47197E-02 | 0.21188E+03 |
     | 162.000000 | 0.39985E+01 |  0.75042872 |  0.75042872 | 0.46323E-02 | 0.21588E+03 |
     | 165.000000 | 0.39985E+01 |  0.75042737 |  0.75042737 | 0.45480E-02 | 0.21987E+03 |
     | 168.000000 | 0.39986E+01 |  0.75042613 |  0.75042613 | 0.44668E-02 | 0.22387E+03 |
     | 171.000000 | 0.39986E+01 |  0.75042500 |  0.75042500 | 0.43885E-02 | 0.22787E+03 |
     | 174.000000 | 0.39986E+01 |  0.75042396 |  0.75042396 | 0.43128E-02 | 0.23187E+03 |
     | 177.000000 | 0.39986E+01 |  0.75042302 |  0.75042302 | 0.42397E-02 | 0.23587E+03 |
     | 180.000000 | 0.39987E+01 |  0.75042216 |  0.75042216 | 0.41690E-02 | 0.23986E+03 |
     | 183.000000 | 0.39987E+01 |  0.75042138 |  0.75042138 | 0.41007E-02 | 0.24386E+03 |
     | 186.000000 | 0.39987E+01 |  0.75042069 |  0.75042069 | 0.40345E-02 | 0.24786E+03 |
     | 189.000000 | 0.39987E+01 |  0.75042007 |  0.75042007 | 0.39705E-02 | 0.25186E+03 |
     | 192.000000 | 0.39987E+01 |  0.75041952 |  0.75041952 | 0.39084E-02 | 0.25586E+03 |
     | 195.000000 | 0.39988E+01 |  0.75041904 |  0.75041904 | 0.38483E-02 | 0.25985E+03 |
     | 198.000000 | 0.39988E+01 |  0.75041863 |  0.75041863 | 0.37900E-02 | 0.26385E+03 |
     | 201.000000 | 0.39988E+01 |  0.75041828 |  0.75041828 | 0.37334E-02 | 0.26785E+03 |
     | 204.000000 | 0.39988E+01 |  0.75041799 |  0.75041799 | 0.36785E-02 | 0.27185E+03 |
     | 207.000000 | 0.39988E+01 |  0.75041775 |  0.75041775 | 0.36252E-02 | 0.27585E+03 |
     | 210.000000 | 0.39988E+01 |  0.75041757 |  0.75041757 | 0.35734E-02 | 0.27984E+03 |
     | 213.000000 | 0.39989E+01 |  0.75041745 |  0.75041745 | 0.35231E-02 | 0.28384E+03 |
     | 216.000000 | 0.39989E+01 |  0.75041737 |  0.75041737 | 0.34742E-02 | 0.28784E+03 |
     | 219.000000 | 0.39989E+01 |  0.75041734 |  0.75041734 | 0.34266E-02 | 0.29184E+03 |
     | 222.000000 | 0.39989E+01 |  0.75041736 |  0.75041736 | 0.33803E-02 | 0.29584E+03 |
     | 225.000000 | 0.39989E+01 |  0.75041742 |  0.75041742 | 0.33352E-02 | 0.29983E+03 |
     | 228.000000 | 0.39989E+01 |  0.75041752 |  0.75041752 | 0.32913E-02 | 0.30383E+03 |
     | 231.000000 | 0.39990E+01 |  0.75041767 |  0.75041767 | 0.32486E-02 | 0.30783E+03 |
     | 234.000000 | 0.39990E+01 |  0.75041786 |  0.75041786 | 0.32069E-02 | 0.31183E+03 |
     | 237.000000 | 0.39990E+01 |  0.75041808 |  0.75041808 | 0.31663E-02 | 0.31582E+03 |
     | 240.000000 | 0.39990E+01 |  0.75041834 |  0.75041834 | 0.31267E-02 | 0.31982E+03 |
     | 243.000000 | 0.39990E+01 |  0.75041863 |  0.75041863 | 0.30881E-02 | 0.32382E+03 |
     | 246.000000 | 0.39990E+01 |  0.75041896 |  0.75041896 | 0.30505E-02 | 0.32782E+03 |
     | 249.000000 | 0.39990E+01 |  0.75041932 |  0.75041932 | 0.30137E-02 | 0.33181E+03 |
     | 252.000000 | 0.39990E+01 |  0.75041971 |  0.75041971 | 0.29779E-02 | 0.33581E+03 |
     | 255.000000 | 0.39991E+01 |  0.75042014 |  0.75042014 | 0.29428E-02 | 0.33981E+03 |
     | 258.000000 | 0.39991E+01 |  0.75042059 |  0.75042059 | 0.29086E-02 | 0.34381E+03 |
     | 261.000000 | 0.39991E+01 |  0.75042107 |  0.75042107 | 0.28752E-02 | 0.34780E+03 |
     | 264.000000 | 0.39991E+01 |  0.75042158 |  0.75042158 | 0.28425E-02 | 0.35180E+03 |
     | 267.000000 | 0.39991E+01 |  0.75042211 |  0.75042211 | 0.28106E-02 | 0.35580E+03 |
     | 270.000000 | 0.39991E+01 |  0.75042267 |  0.75042267 | 0.27793E-02 | 0.35980E+03 |
     | 273.000000 | 0.39991E+01 |  0.75042325 |  0.75042325 | 0.27488E-02 | 0.36379E+03 |
     | 276.000000 | 0.39991E+01 |  0.75042386 |  0.75042386 | 0.27189E-02 | 0.36779E+03 |
     | 279.000000 | 0.39991E+01 |  0.75042449 |  0.75042449 | 0.26897E-02 | 0.37179E+03 |
     | 282.000000 | 0.39991E+01 |  0.75042515 |  0.75042515 | 0.26611E-02 | 0.37579E+03 |
     | 285.000000 | 0.39992E+01 |  0.75042582 |  0.75042582 | 0.26331E-02 | 0.37978E+03 |
     | 288.000000 | 0.39992E+01 |  0.75042652 |  0.75042652 | 0.26056E-02 | 0.38378E+03 |
     | 291.000000 | 0.39992E+01 |  0.75042724 |  0.75042724 | 0.25788E-02 | 0.38778E+03 |
     | 294.000000 | 0.39992E+01 |  0.75042797 |  0.75042797 | 0.25525E-02 | 0.39178E+03 |
     | 297.000000 | 0.39992E+01 |  0.75042873 |  0.75042873 | 0.25267E-02 | 0.39577E+03 |
     | 300.000000 | 0.39992E+01 |  0.75042950 |  0.75042950 | 0.25014E-02 | 0.39977E+03 |
-----|----------------------------------------------------------------------------------|


--------------------------------------------------------------------------------------------------------------|
                               VAN VLECK SUSCEPTIBILITY TENSOR FOR zJ = 0,  in cm3*K/mol                      |
--------------------------------------------------------------------------------------------------------------|
     T(K)   |   |          SUSCEPTIBILITY TENSOR      |    MAIN VALUES  |               MAIN AXES             |
------------|---|------- x --------- y --------- z ---|-----------------|------ x --------- y --------- z ----|
            | x |    0.001981   -0.000108    0.000000 |  X:    0.001914 | -0.84653373 -0.53233508 -0.00000000 |
   0.000100 | y |   -0.000108    0.002085   -0.000000 |  Y:    0.002153 |  0.53233508 -0.84653373 -0.00000000 |
            | z |    0.000000   -0.000000    1.500582 |  Z:    1.500582 |  0.00000000 -0.00000000  1.00000000 |
------------|---|------- x --------- y --------- z ---|-----------------|------ x --------- y --------- z ----|
            | x |    0.755953    0.000160    0.000000 |  X:    0.755699 |  0.53233508 -0.84653373 -0.00000000 |
   3.000000 | y |    0.000160    0.755799    0.000000 |  Y:    0.756053 | -0.84653373 -0.53233508  0.00000000 |
            | z |    0.000000    0.000000    0.765389 |  Z:    0.765389 |  0.00000000  0.00000000  1.00000000 |
------------|---|------- x --------- y --------- z ---|-----------------|------ x --------- y --------- z ----|
            | x |    0.753113    0.000157    0.000000 |  X:    0.752863 |  0.53233508 -0.84653373 -0.00000000 |
   6.000000 | y |    0.000157    0.752961    0.000000 |  Y:    0.753211 | -0.84653373 -0.53233508  0.00000000 |
            | z |    0.000000    0.000000    0.757853 |  Z:    0.757853 |  0.00000000  0.00000000  1.00000000 |
------------|---|------- x --------- y --------- z ---|-----------------|------ x --------- y --------- z ----|
            | x |    0.752149    0.000155    0.000000 |  X:    0.751903 |  0.53233508 -0.84653373  0.00000000 |
   9.000000 | y |    0.000155    0.752000    0.000000 |  Y:    0.752247 |  0.84653373  0.53233508 -0.00000000 |
            | z |    0.000000    0.000000    0.755335 |  Z:    0.755335 |  0.00000000  0.00000000  1.00000000 |
------------|---|------- x --------- y --------- z ---|-----------------|------ x --------- y --------- z ----|
            | x |    0.751665    0.000153    0.000000 |  X:    0.751423 |  0.53233508 -0.84653373  0.00000000 |
  12.000000 | y |    0.000153    0.751518    0.000000 |  Y:    0.751761 |  0.84653373  0.53233508 -0.00000000 |
            | z |    0.000000    0.000000    0.754075 |  Z:    0.754075 |  0.00000000  0.00000000  1.00000000 |
------------|---|------- x --------- y --------- z ---|-----------------|------ x --------- y --------- z ----|
            | x |    0.751374    0.000150    0.000000 |  X:    0.751135 |  0.53233508 -0.84653373  0.00000000 |
  15.000000 | y |    0.000150    0.751230    0.000000 |  Y:    0.751468 |  0.84653373  0.53233508 -0.00000000 |
            | z |    0.000000    0.000000    0.753318 |  Z:    0.753318 |  0.00000000  0.00000000  1.00000000 |
------------|---|------- x --------- y --------- z ---|-----------------|------ x --------- y --------- z ----|
            | x |    0.751180    0.000148    0.000000 |  X:    0.750945 |  0.53233508 -0.84653373  0.00000000 |
  18.000000 | y |    0.000148    0.751038    0.000000 |  Y:    0.751273 |  0.84653373  0.53233508 -0.00000000 |
            | z |    0.000000    0.000000    0.752814 |  Z:    0.752814 |  0.00000000  0.00000000  1.00000000 |
------------|---|------- x --------- y --------- z ---|-----------------|------ x --------- y --------- z ----|
            | x |    0.751042    0.000146    0.000000 |  X:    0.750810 |  0.53233508 -0.84653373  0.00000000 |
  21.000000 | y |    0.000146    0.750902    0.000000 |  Y:    0.751133 |  0.84653373  0.53233508 -0.00000000 |
            | z |    0.000000    0.000000    0.752454 |  Z:    0.752454 |  0.00000000  0.00000000  1.00000000 |
------------|---|------- x --------- y --------- z ---|-----------------|------ x --------- y --------- z ----|
            | x |    0.750938    0.000143    0.000000 |  X:    0.750710 |  0.53233508 -0.84653373  0.00000000 |
  24.000000 | y |    0.000143    0.750800    0.000000 |  Y:    0.751028 |  0.84653373  0.53233508 -0.00000000 |
            | z |    0.000000    0.000000    0.752183 |  Z:    0.752183 |  0.00000000  0.00000000  1.00000000 |
------------|---|------- x --------- y --------- z ---|-----------------|------ x --------- y --------- z ----|
            | x |    0.750858    0.000141    0.000000 |  X:    0.750634 |  0.53233508 -0.84653373  0.00000000 |
  27.000000 | y |    0.000141    0.750722    0.000000 |  Y:    0.750947 |  0.84653373  0.53233508 -0.00000000 |
            | z |    0.000000    0.000000    0.751973 |  Z:    0.751973 |  0.00000000  0.00000000  1.00000000 |
------------|---|------- x --------- y --------- z ---|-----------------|------ x --------- y --------- z ----|
            | x |    0.750794    0.000139    0.000000 |  X:    0.750573 |  0.53233508 -0.84653373  0.00000000 |
  30.000000 | y |    0.000139    0.750661    0.000000 |  Y:    0.750881 |  0.84653373  0.53233508 -0.00000000 |
            | z |    0.000000    0.000000    0.751805 |  Z:    0.751805 |  0.00000000  0.00000000  1.00000000 |
------------|---|------- x --------- y --------- z ---|-----------------|------ x --------- y --------- z ----|
            | x |    0.750742    0.000137    0.000000 |  X:    0.750525 |  0.53233508 -0.84653373  0.00000000 |
  33.000000 | y |    0.000137    0.750611    0.000000 |  Y:    0.750828 |  0.84653373  0.53233508 -0.00000000 |
            | z |    0.000000    0.000000    0.751667 |  Z:    0.751667 |  0.00000000  0.00000000  1.00000000 |
------------|---|------- x --------- y --------- z ---|-----------------|------ x --------- y --------- z ----|
            | x |    0.750699    0.000134    0.000000 |  X:    0.750485 |  0.53233508 -0.84653373  0.00000000 |
  36.000000 | y |    0.000134    0.750570    0.000000 |  Y:    0.750783 |  0.84653373  0.53233508 -0.00000000 |
            | z |    0.000000    0.000000    0.751553 |  Z:    0.751553 |  0.00000000  0.00000000  1.00000000 |
------------|---|------- x --------- y --------- z ---|-----------------|------ x --------- y --------- z ----|
            | x |    0.750662    0.000132    0.000000 |  X:    0.750452 |  0.53233508 -0.84653373  0.00000000 |
  39.000000 | y |    0.000132    0.750535    0.000000 |  Y:    0.750745 |  0.84653373  0.53233508 -0.00000000 |
            | z |    0.000000    0.000000    0.751456 |  Z:    0.751456 |  0.00000000  0.00000000  1.00000000 |
------------|---|------- x --------- y --------- z ---|-----------------|------ x --------- y --------- z ----|
            | x |    0.750631    0.000130    0.000000 |  X:    0.750425 |  0.53233508 -0.84653373  0.00000000 |
  42.000000 | y |    0.000130    0.750507    0.000000 |  Y:    0.750713 |  0.84653373  0.53233508 -0.00000000 |
            | z |    0.000000    0.000000    0.751372 |  Z:    0.751372 |  0.00000000  0.00000000  1.00000000 |
------------|---|------- x --------- y --------- z ---|-----------------|------ x --------- y --------- z ----|
            | x |    0.750605    0.000127    0.000000 |  X:    0.750402 |  0.53233508 -0.84653373  0.00000000 |
  45.000000 | y |    0.000127    0.750482    0.000000 |  Y:    0.750685 |  0.84653373  0.53233508 -0.00000000 |
            | z |    0.000000    0.000000    0.751300 |  Z:    0.751300 |  0.00000000  0.00000000  1.00000000 |
------------|---|------- x --------- y --------- z ---|-----------------|------ x --------- y --------- z ----|
            | x |    0.750581    0.000125    0.000000 |  X:    0.750383 |  0.53233508 -0.84653373  0.00000000 |
  48.000000 | y |    0.000125    0.750461    0.000000 |  Y:    0.750660 |  0.84653373  0.53233508 -0.00000000 |
            | z |    0.000000    0.000000    0.751237 |  Z:    0.751237 |  0.00000000  0.00000000  1.00000000 |
------------|---|------- x --------- y --------- z ---|-----------------|------ x --------- y --------- z ----|
            | x |    0.750561    0.000123    0.000000 |  X:    0.750366 |  0.53233508 -0.84653373  0.00000000 |
  51.000000 | y |    0.000123    0.750443    0.000000 |  Y:    0.750638 |  0.84653373  0.53233508 -0.00000000 |
            | z |    0.000000    0.000000    0.751182 |  Z:    0.751182 |  0.00000000  0.00000000  1.00000000 |
------------|---|------- x --------- y --------- z ---|-----------------|------ x --------- y --------- z ----|
            | x |    0.750543    0.000121    0.000000 |  X:    0.750352 |  0.53233508 -0.84653373  0.00000000 |
  54.000000 | y |    0.000121    0.750427    0.000000 |  Y:    0.750619 |  0.84653373  0.53233508 -0.00000000 |
            | z |    0.000000    0.000000    0.751132 |  Z:    0.751132 |  0.00000000  0.00000000  1.00000000 |
------------|---|------- x --------- y --------- z ---|-----------------|------ x --------- y --------- z ----|
            | x |    0.750528    0.000118    0.000000 |  X:    0.750339 |  0.53233508 -0.84653373  0.00000000 |
  57.000000 | y |    0.000118    0.750414    0.000000 |  Y:    0.750602 |  0.84653373  0.53233508 -0.00000000 |
            | z |    0.000000    0.000000    0.751088 |  Z:    0.751088 |  0.00000000  0.00000000  1.00000000 |
------------|---|------- x --------- y --------- z ---|-----------------|------ x --------- y --------- z ----|
            | x |    0.750513    0.000116    0.000000 |  X:    0.750329 |  0.53233508 -0.84653373  0.00000000 |
  60.000000 | y |    0.000116    0.750402    0.000000 |  Y:    0.750586 |  0.84653373  0.53233508 -0.00000000 |
            | z |    0.000000    0.000000    0.751048 |  Z:    0.751048 |  0.00000000  0.00000000  1.00000000 |
------------|---|------- x --------- y --------- z ---|-----------------|------ x --------- y --------- z ----|
            | x |    0.750501    0.000114    0.000000 |  X:    0.750320 |  0.53233508 -0.84653373  0.00000000 |
  63.000000 | y |    0.000114    0.750391    0.000000 |  Y:    0.750572 |  0.84653373  0.53233508 -0.00000000 |
            | z |    0.000000    0.000000    0.751012 |  Z:    0.751012 |  0.00000000  0.00000000  1.00000000 |
------------|---|------- x --------- y --------- z ---|-----------------|------ x --------- y --------- z ----|
            | x |    0.750489    0.000111    0.000000 |  X:    0.750312 |  0.53233508 -0.84653373  0.00000000 |
  66.000000 | y |    0.000111    0.750382    0.000000 |  Y:    0.750560 |  0.84653373  0.53233508 -0.00000000 |
            | z |    0.000000    0.000000    0.750979 |  Z:    0.750979 |  0.00000000  0.00000000  1.00000000 |
------------|---|------- x --------- y --------- z ---|-----------------|------ x --------- y --------- z ----|
            | x |    0.750479    0.000109    0.000000 |  X:    0.750306 |  0.53233508 -0.84653373  0.00000000 |
  69.000000 | y |    0.000109    0.750374    0.000000 |  Y:    0.750548 |  0.84653373  0.53233508 -0.00000000 |
            | z |    0.000000    0.000000    0.750949 |  Z:    0.750949 |  0.00000000  0.00000000  1.00000000 |
------------|---|------- x --------- y --------- z ---|-----------------|------ x --------- y --------- z ----|
            | x |    0.750470    0.000107    0.000000 |  X:    0.750300 |  0.53233508 -0.84653373  0.00000000 |
  72.000000 | y |    0.000107    0.750367    0.000000 |  Y:    0.750537 |  0.84653373  0.53233508 -0.00000000 |
            | z |    0.000000    0.000000    0.750922 |  Z:    0.750922 |  0.00000000  0.00000000  1.00000000 |
------------|---|------- x --------- y --------- z ---|-----------------|------ x --------- y --------- z ----|
            | x |    0.750462    0.000105    0.000000 |  X:    0.750295 |  0.53233508 -0.84653373  0.00000000 |
  75.000000 | y |    0.000105    0.750361    0.000000 |  Y:    0.750527 |  0.84653373  0.53233508 -0.00000000 |
            | z |    0.000000    0.000000    0.750897 |  Z:    0.750897 |  0.00000000  0.00000000  1.00000000 |
------------|---|------- x --------- y --------- z ---|-----------------|------ x --------- y --------- z ----|
            | x |    0.750454    0.000102    0.000000 |  X:    0.750291 |  0.53233508 -0.84653373  0.00000000 |
  78.000000 | y |    0.000102    0.750355    0.000000 |  Y:    0.750518 |  0.84653373  0.53233508 -0.00000000 |
            | z |    0.000000    0.000000    0.750873 |  Z:    0.750873 |  0.00000000  0.00000000  1.00000000 |
------------|---|------- x --------- y --------- z ---|-----------------|------ x --------- y --------- z ----|
            | x |    0.750447    0.000100    0.000000 |  X:    0.750288 |  0.53233508 -0.84653373  0.00000000 |
  81.000000 | y |    0.000100    0.750351    0.000000 |  Y:    0.750510 |  0.84653373  0.53233508 -0.00000000 |
            | z |    0.000000    0.000000    0.750852 |  Z:    0.750852 |  0.00000000  0.00000000  1.00000000 |
------------|---|------- x --------- y --------- z ---|-----------------|------ x --------- y --------- z ----|
            | x |    0.750440    0.000098    0.000000 |  X:    0.750285 |  0.53233508 -0.84653373  0.00000000 |
  84.000000 | y |    0.000098    0.750346    0.000000 |  Y:    0.750502 |  0.84653373  0.53233508 -0.00000000 |
            | z |    0.000000    0.000000    0.750832 |  Z:    0.750832 |  0.00000000  0.00000000  1.00000000 |
------------|---|------- x --------- y --------- z ---|-----------------|------ x --------- y --------- z ----|
            | x |    0.750435    0.000096    0.000000 |  X:    0.750283 |  0.53233508 -0.84653373  0.00000000 |
  87.000000 | y |    0.000096    0.750343    0.000000 |  Y:    0.750495 |  0.84653373  0.53233508 -0.00000000 |
            | z |    0.000000    0.000000    0.750813 |  Z:    0.750813 |  0.00000000  0.00000000  1.00000000 |
------------|---|------- x --------- y --------- z ---|-----------------|------ x --------- y --------- z ----|
            | x |    0.750429    0.000093    0.000000 |  X:    0.750281 |  0.53233508 -0.84653373  0.00000000 |
  90.000000 | y |    0.000093    0.750340    0.000000 |  Y:    0.750488 |  0.84653373  0.53233508 -0.00000000 |
            | z |    0.000000    0.000000    0.750796 |  Z:    0.750796 |  0.00000000  0.00000000  1.00000000 |
------------|---|------- x --------- y --------- z ---|-----------------|------ x --------- y --------- z ----|
            | x |    0.750424    0.000091    0.000000 |  X:    0.750280 |  0.53233508 -0.84653373  0.00000000 |
  93.000000 | y |    0.000091    0.750337    0.000000 |  Y:    0.750482 |  0.84653373  0.53233508 -0.00000000 |
            | z |    0.000000    0.000000    0.750779 |  Z:    0.750779 |  0.00000000  0.00000000  1.00000000 |
------------|---|------- x --------- y --------- z ---|-----------------|------ x --------- y --------- z ----|
            | x |    0.750420    0.000089    0.000000 |  X:    0.750279 |  0.53233508 -0.84653373  0.00000000 |
  96.000000 | y |    0.000089    0.750335    0.000000 |  Y:    0.750476 |  0.84653373  0.53233508 -0.00000000 |
            | z |    0.000000    0.000000    0.750764 |  Z:    0.750764 |  0.00000000  0.00000000  1.00000000 |
------------|---|------- x --------- y --------- z ---|-----------------|------ x --------- y --------- z ----|
            | x |    0.750416    0.000086    0.000000 |  X:    0.750278 |  0.53233508 -0.84653373  0.00000000 |
  99.000000 | y |    0.000086    0.750333    0.000000 |  Y:    0.750470 |  0.84653373  0.53233508 -0.00000000 |
            | z |    0.000000    0.000000    0.750750 |  Z:    0.750750 |  0.00000000  0.00000000  1.00000000 |
------------|---|------- x --------- y --------- z ---|-----------------|------ x --------- y --------- z ----|
            | x |    0.750412    0.000084    0.000000 |  X:    0.750278 |  0.53233508 -0.84653373  0.00000000 |
 102.000000 | y |    0.000084    0.750331    0.000000 |  Y:    0.750465 |  0.84653373  0.53233508 -0.00000000 |
            | z |    0.000000    0.000000    0.750736 |  Z:    0.750736 |  0.00000000  0.00000000  1.00000000 |
------------|---|------- x --------- y --------- z ---|-----------------|------ x --------- y --------- z ----|
            | x |    0.750408    0.000082    0.000000 |  X:    0.750278 |  0.53233508 -0.84653373  0.00000000 |
 105.000000 | y |    0.000082    0.750330    0.000000 |  Y:    0.750460 |  0.84653373  0.53233508 -0.00000000 |
            | z |    0.000000    0.000000    0.750724 |  Z:    0.750724 |  0.00000000  0.00000000  1.00000000 |
------------|---|------- x --------- y --------- z ---|-----------------|------ x --------- y --------- z ----|
            | x |    0.750405    0.000080    0.000000 |  X:    0.750278 |  0.53233508 -0.84653373  0.00000000 |
 108.000000 | y |    0.000080    0.750328    0.000000 |  Y:    0.750455 |  0.84653373  0.53233508 -0.00000000 |
            | z |    0.000000    0.000000    0.750711 |  Z:    0.750711 |  0.00000000  0.00000000  1.00000000 |
------------|---|------- x --------- y --------- z ---|-----------------|------ x --------- y --------- z ----|
            | x |    0.750402    0.000077    0.000000 |  X:    0.750279 |  0.53233508 -0.84653373  0.00000000 |
 111.000000 | y |    0.000077    0.750328    0.000000 |  Y:    0.750451 |  0.84653373  0.53233508 -0.00000000 |
            | z |    0.000000    0.000000    0.750700 |  Z:    0.750700 |  0.00000000  0.00000000  1.00000000 |
------------|---|------- x --------- y --------- z ---|-----------------|------ x --------- y --------- z ----|
            | x |    0.750399    0.000075    0.000000 |  X:    0.750280 |  0.53233508 -0.84653373  0.00000000 |
 114.000000 | y |    0.000075    0.750327    0.000000 |  Y:    0.750446 |  0.84653373  0.53233508 -0.00000000 |
            | z |    0.000000    0.000000    0.750689 |  Z:    0.750689 |  0.00000000  0.00000000  1.00000000 |
------------|---|------- x --------- y --------- z ---|-----------------|------ x --------- y --------- z ----|
            | x |    0.750397    0.000073    0.000000 |  X:    0.750281 |  0.53233508 -0.84653373  0.00000000 |
 117.000000 | y |    0.000073    0.750327    0.000000 |  Y:    0.750442 |  0.84653373  0.53233508 -0.00000000 |
            | z |    0.000000    0.000000    0.750679 |  Z:    0.750679 |  0.00000000  0.00000000  1.00000000 |
------------|---|------- x --------- y --------- z ---|-----------------|------ x --------- y --------- z ----|
            | x |    0.750394    0.000071    0.000000 |  X:    0.750282 |  0.53233509 -0.84653373  0.00000000 |
 120.000000 | y |    0.000071    0.750327    0.000000 |  Y:    0.750439 |  0.84653373  0.53233509 -0.00000000 |
            | z |    0.000000    0.000000    0.750669 |  Z:    0.750669 |  0.00000000  0.00000000  1.00000000 |
------------|---|------- x --------- y --------- z ---|-----------------|------ x --------- y --------- z ----|
            | x |    0.750392    0.000068    0.000000 |  X:    0.750284 |  0.53233509 -0.84653373  0.00000000 |
 123.000000 | y |    0.000068    0.750327    0.000000 |  Y:    0.750435 |  0.84653373  0.53233509 -0.00000000 |
            | z |    0.000000    0.000000    0.750660 |  Z:    0.750660 |  0.00000000  0.00000000  1.00000000 |
------------|---|------- x --------- y --------- z ---|-----------------|------ x --------- y --------- z ----|
            | x |    0.750390    0.000066    0.000000 |  X:    0.750285 |  0.53233509 -0.84653373  0.00000000 |
 126.000000 | y |    0.000066    0.750327    0.000000 |  Y:    0.750432 |  0.84653373  0.53233509 -0.00000000 |
            | z |    0.000000    0.000000    0.750651 |  Z:    0.750651 |  0.00000000  0.00000000  1.00000000 |
------------|---|------- x --------- y --------- z ---|-----------------|------ x --------- y --------- z ----|
            | x |    0.750388    0.000064    0.000000 |  X:    0.750287 |  0.53233509 -0.84653373  0.00000000 |
 129.000000 | y |    0.000064    0.750327    0.000000 |  Y:    0.750428 |  0.84653373  0.53233509 -0.00000000 |
            | z |    0.000000    0.000000    0.750643 |  Z:    0.750643 |  0.00000000  0.00000000  1.00000000 |
------------|---|------- x --------- y --------- z ---|-----------------|------ x --------- y --------- z ----|
            | x |    0.750387    0.000061    0.000000 |  X:    0.750289 |  0.53233509 -0.84653373  0.00000000 |
 132.000000 | y |    0.000061    0.750328    0.000000 |  Y:    0.750425 |  0.84653373  0.53233509 -0.00000000 |
            | z |    0.000000    0.000000    0.750635 |  Z:    0.750635 |  0.00000000  0.00000000  1.00000000 |
------------|---|------- x --------- y --------- z ---|-----------------|------ x --------- y --------- z ----|
            | x |    0.750385    0.000059    0.000000 |  X:    0.750291 |  0.53233509 -0.84653373  0.00000000 |
 135.000000 | y |    0.000059    0.750328    0.000000 |  Y:    0.750422 |  0.84653373  0.53233509 -0.00000000 |
            | z |    0.000000    0.000000    0.750627 |  Z:    0.750627 |  0.00000000  0.00000000  1.00000000 |
------------|---|------- x --------- y --------- z ---|-----------------|------ x --------- y --------- z ----|
            | x |    0.750384    0.000057    0.000000 |  X:    0.750293 |  0.53233509 -0.84653373  0.00000000 |
 138.000000 | y |    0.000057    0.750329    0.000000 |  Y:    0.750419 |  0.84653373  0.53233509 -0.00000000 |
            | z |    0.000000    0.000000    0.750620 |  Z:    0.750620 |  0.00000000  0.00000000  1.00000000 |
------------|---|------- x --------- y --------- z ---|-----------------|------ x --------- y --------- z ----|
            | x |    0.750382    0.000055    0.000000 |  X:    0.750296 |  0.53233509 -0.84653373  0.00000000 |
 141.000000 | y |    0.000055    0.750330    0.000000 |  Y:    0.750417 |  0.84653373  0.53233509 -0.00000000 |
            | z |    0.000000    0.000000    0.750613 |  Z:    0.750613 |  0.00000000  0.00000000  1.00000000 |
------------|---|------- x --------- y --------- z ---|-----------------|------ x --------- y --------- z ----|
            | x |    0.750381    0.000052    0.000000 |  X:    0.750298 |  0.53233509 -0.84653373  0.00000000 |
 144.000000 | y |    0.000052    0.750331    0.000000 |  Y:    0.750414 |  0.84653373  0.53233509 -0.00000000 |
            | z |    0.000000    0.000000    0.750606 |  Z:    0.750606 |  0.00000000  0.00000000  1.00000000 |
------------|---|------- x --------- y --------- z ---|-----------------|------ x --------- y --------- z ----|
            | x |    0.750380    0.000050    0.000000 |  X:    0.750300 |  0.53233509 -0.84653373  0.00000000 |
 147.000000 | y |    0.000050    0.750332    0.000000 |  Y:    0.750412 |  0.84653373  0.53233509 -0.00000000 |
            | z |    0.000000    0.000000    0.750600 |  Z:    0.750600 |  0.00000000  0.00000000  1.00000000 |
------------|---|------- x --------- y --------- z ---|-----------------|------ x --------- y --------- z ----|
            | x |    0.750379    0.000048    0.000000 |  X:    0.750303 |  0.53233509 -0.84653373  0.00000000 |
 150.000000 | y |    0.000048    0.750333    0.000000 |  Y:    0.750409 |  0.84653373  0.53233509 -0.00000000 |
            | z |    0.000000    0.000000    0.750594 |  Z:    0.750594 |  0.00000000  0.00000000  1.00000000 |
------------|---|------- x --------- y --------- z ---|-----------------|------ x --------- y --------- z ----|
            | x |    0.750378    0.000045    0.000000 |  X:    0.750306 |  0.53233509 -0.84653373  0.00000000 |
 153.000000 | y |    0.000045    0.750334    0.000000 |  Y:    0.750407 |  0.84653373  0.53233509 -0.00000000 |
            | z |    0.000000    0.000000    0.750588 |  Z:    0.750588 |  0.00000000  0.00000000  1.00000000 |
------------|---|------- x --------- y --------- z ---|-----------------|------ x --------- y --------- z ----|
            | x |    0.750377    0.000043    0.000000 |  X:    0.750309 |  0.53233509 -0.84653373  0.00000000 |
 156.000000 | y |    0.000043    0.750336    0.000000 |  Y:    0.750405 |  0.84653373  0.53233509 -0.00000000 |
            | z |    0.000000    0.000000    0.750582 |  Z:    0.750582 |  0.00000000  0.00000000  1.00000000 |
------------|---|------- x --------- y --------- z ---|-----------------|------ x --------- y --------- z ----|
            | x |    0.750377    0.000041    0.000000 |  X:    0.750312 |  0.53233509 -0.84653373  0.00000000 |
 159.000000 | y |    0.000041    0.750337    0.000000 |  Y:    0.750402 |  0.84653373  0.53233509 -0.00000000 |
            | z |    0.000000    0.000000    0.750577 |  Z:    0.750577 |  0.00000000  0.00000000  1.00000000 |
------------|---|------- x --------- y --------- z ---|-----------------|------ x --------- y --------- z ----|
            | x |    0.750376    0.000039    0.000000 |  X:    0.750315 |  0.53233510 -0.84653372  0.00000000 |
 162.000000 | y |    0.000039    0.750339    0.000000 |  Y:    0.750400 |  0.84653372  0.53233510 -0.00000000 |
            | z |    0.000000    0.000000    0.750571 |  Z:    0.750571 |  0.00000000  0.00000000  1.00000000 |
------------|---|------- x --------- y --------- z ---|-----------------|------ x --------- y --------- z ----|
            | x |    0.750375    0.000036    0.000000 |  X:    0.750318 |  0.53233509 -0.84653372  0.00000000 |
 165.000000 | y |    0.000036    0.750340    0.000000 |  Y:    0.750398 |  0.84653372  0.53233509 -0.00000000 |
            | z |    0.000000    0.000000    0.750566 |  Z:    0.750566 |  0.00000000  0.00000000  1.00000000 |
------------|---|------- x --------- y --------- z ---|-----------------|------ x --------- y --------- z ----|
            | x |    0.750375    0.000034    0.000000 |  X:    0.750321 |  0.53233509 -0.84653373  0.00000000 |
 168.000000 | y |    0.000034    0.750342    0.000000 |  Y:    0.750396 |  0.84653373  0.53233509 -0.00000000 |
            | z |    0.000000    0.000000    0.750561 |  Z:    0.750561 |  0.00000000  0.00000000  1.00000000 |
------------|---|------- x --------- y --------- z ---|-----------------|------ x --------- y --------- z ----|
            | x |    0.750375    0.000032    0.000000 |  X:    0.750324 |  0.53233510 -0.84653372  0.00000000 |
 171.000000 | y |    0.000032    0.750344    0.000000 |  Y:    0.750395 |  0.84653372  0.53233510 -0.00000000 |
            | z |    0.000000    0.000000    0.750557 |  Z:    0.750557 |  0.00000000  0.00000000  1.00000000 |
------------|---|------- x --------- y --------- z ---|-----------------|------ x --------- y --------- z ----|
            | x |    0.750374    0.000030    0.000000 |  X:    0.750327 |  0.53233510 -0.84653372  0.00000000 |
 174.000000 | y |    0.000030    0.750346    0.000000 |  Y:    0.750393 |  0.84653372  0.53233510 -0.00000000 |
            | z |    0.000000    0.000000    0.750552 |  Z:    0.750552 |  0.00000000  0.00000000  1.00000000 |
------------|---|------- x --------- y --------- z ---|-----------------|------ x --------- y --------- z ----|
            | x |    0.750374    0.000027    0.000000 |  X:    0.750330 |  0.53233510 -0.84653372  0.00000000 |
 177.000000 | y |    0.000027    0.750348    0.000000 |  Y:    0.750391 |  0.84653372  0.53233510 -0.00000000 |
            | z |    0.000000    0.000000    0.750547 |  Z:    0.750547 |  0.00000000  0.00000000  1.00000000 |
------------|---|------- x --------- y --------- z ---|-----------------|------ x --------- y --------- z ----|
            | x |    0.750374    0.000025    0.000000 |  X:    0.750334 |  0.53233510 -0.84653372  0.00000000 |
 180.000000 | y |    0.000025    0.750350    0.000000 |  Y:    0.750389 |  0.84653372  0.53233510 -0.00000000 |
            | z |    0.000000    0.000000    0.750543 |  Z:    0.750543 |  0.00000000  0.00000000  1.00000000 |
------------|---|------- x --------- y --------- z ---|-----------------|------ x --------- y --------- z ----|
            | x |    0.750373    0.000023    0.000000 |  X:    0.750337 |  0.53233511 -0.84653372  0.00000000 |
 183.000000 | y |    0.000023    0.750352    0.000000 |  Y:    0.750388 |  0.84653372  0.53233511 -0.00000000 |
            | z |    0.000000    0.000000    0.750539 |  Z:    0.750539 |  0.00000000  0.00000000  1.00000000 |
------------|---|------- x --------- y --------- z ---|-----------------|------ x --------- y --------- z ----|
            | x |    0.750373    0.000020    0.000000 |  X:    0.750341 |  0.53233511 -0.84653372  0.00000000 |
 186.000000 | y |    0.000020    0.750354    0.000000 |  Y:    0.750386 |  0.84653372  0.53233511 -0.00000000 |
            | z |    0.000000    0.000000    0.750535 |  Z:    0.750535 |  0.00000000  0.00000000  1.00000000 |
------------|---|------- x --------- y --------- z ---|-----------------|------ x --------- y --------- z ----|
            | x |    0.750373    0.000018    0.000000 |  X:    0.750344 |  0.53233511 -0.84653372  0.00000000 |
 189.000000 | y |    0.000018    0.750356    0.000000 |  Y:    0.750385 |  0.84653372  0.53233511 -0.00000000 |
            | z |    0.000000    0.000000    0.750531 |  Z:    0.750531 |  0.00000000  0.00000000  1.00000000 |
------------|---|------- x --------- y --------- z ---|-----------------|------ x --------- y --------- z ----|
            | x |    0.750373    0.000016    0.000000 |  X:    0.750348 |  0.53233512 -0.84653371  0.00000000 |
 192.000000 | y |    0.000016    0.750358    0.000000 |  Y:    0.750383 |  0.84653371  0.53233512 -0.00000000 |
            | z |    0.000000    0.000000    0.750527 |  Z:    0.750527 |  0.00000000  0.00000000  1.00000000 |
------------|---|------- x --------- y --------- z ---|-----------------|------ x --------- y --------- z ----|
            | x |    0.750373    0.000014    0.000000 |  X:    0.750352 |  0.53233512 -0.84653371  0.00000000 |
 195.000000 | y |    0.000014    0.750360    0.000000 |  Y:    0.750382 |  0.84653371  0.53233512 -0.00000000 |
            | z |    0.000000    0.000000    0.750524 |  Z:    0.750524 |  0.00000000  0.00000000  1.00000000 |
------------|---|------- x --------- y --------- z ---|-----------------|------ x --------- y --------- z ----|
            | x |    0.750373    0.000011    0.000000 |  X:    0.750355 |  0.53233513 -0.84653370  0.00000000 |
 198.000000 | y |    0.000011    0.750362    0.000000 |  Y:    0.750380 |  0.84653370  0.53233513 -0.00000000 |
            | z |    0.000000    0.000000    0.750520 |  Z:    0.750520 |  0.00000000  0.00000000  1.00000000 |
------------|---|------- x --------- y --------- z ---|-----------------|------ x --------- y --------- z ----|
            | x |    0.750373    0.000009    0.000000 |  X:    0.750359 |  0.53233516 -0.84653369  0.00000000 |
 201.000000 | y |    0.000009    0.750365    0.000000 |  Y:    0.750379 |  0.84653369  0.53233516 -0.00000000 |
            | z |    0.000000    0.000000    0.750517 |  Z:    0.750517 |  0.00000000  0.00000000  1.00000000 |
------------|---|------- x --------- y --------- z ---|-----------------|------ x --------- y --------- z ----|
            | x |    0.750374    0.000007    0.000000 |  X:    0.750363 |  0.53233517 -0.84653368  0.00000000 |
 204.000000 | y |    0.000007    0.750367    0.000000 |  Y:    0.750378 |  0.84653368  0.53233517 -0.00000000 |
            | z |    0.000000    0.000000    0.750514 |  Z:    0.750514 |  0.00000000  0.00000000  1.00000000 |
------------|---|------- x --------- y --------- z ---|-----------------|------ x --------- y --------- z ----|
            | x |    0.750374    0.000005    0.000000 |  X:    0.750366 |  0.53233521 -0.84653365  0.00000000 |
 207.000000 | y |    0.000005    0.750369    0.000000 |  Y:    0.750377 |  0.84653365  0.53233521 -0.00000000 |
            | z |    0.000000    0.000000    0.750510 |  Z:    0.750510 |  0.00000000  0.00000000  1.00000000 |
------------|---|------- x --------- y --------- z ---|-----------------|------ x --------- y --------- z ----|
            | x |    0.750374    0.000002    0.000000 |  X:    0.750370 |  0.53233538 -0.84653355  0.00000000 |
 210.000000 | y |    0.000002    0.750372    0.000000 |  Y:    0.750375 |  0.84653355  0.53233538 -0.00000000 |
            | z |    0.000000    0.000000    0.750507 |  Z:    0.750507 |  0.00000000  0.00000000  1.00000000 |
------------|---|------- x --------- y --------- z ---|-----------------|------ x --------- y --------- z ----|
            | x |    0.750374    0.000000    0.000000 |  X:    0.750374 |  0.53240960 -0.84648687  0.00000000 |
 213.000000 | y |    0.000000    0.750374    0.000000 |  Y:    0.750374 | -0.84648687 -0.53240960  0.00000000 |
            | z |    0.000000    0.000000    0.750504 |  Z:    0.750504 |  0.00000000  0.00000000  1.00000000 |
------------|---|------- x --------- y --------- z ---|-----------------|------ x --------- y --------- z ----|
            | x |    0.750374   -0.000002    0.000000 |  X:    0.750373 |  0.84653393  0.53233477 -0.00000000 |
 216.000000 | y |   -0.000002    0.750377    0.000000 |  Y:    0.750378 |  0.53233477 -0.84653393  0.00000000 |
            | z |    0.000000    0.000000    0.750501 |  Z:    0.750501 |  0.00000000  0.00000000  1.00000000 |
------------|---|------- x --------- y --------- z ---|-----------------|------ x --------- y --------- z ----|
            | x |    0.750375   -0.000005    0.000000 |  X:    0.750372 |  0.84653384  0.53233491 -0.00000000 |
 219.000000 | y |   -0.000005    0.750379    0.000000 |  Y:    0.750382 |  0.53233491 -0.84653384  0.00000000 |
            | z |    0.000000    0.000000    0.750498 |  Z:    0.750498 |  0.00000000  0.00000000  1.00000000 |
------------|---|------- x --------- y --------- z ---|-----------------|------ x --------- y --------- z ----|
            | x |    0.750375   -0.000007    0.000000 |  X:    0.750371 |  0.84653379  0.53233498 -0.00000000 |
 222.000000 | y |   -0.000007    0.750382    0.000000 |  Y:    0.750386 |  0.53233498 -0.84653379  0.00000000 |
            | z |    0.000000    0.000000    0.750495 |  Z:    0.750495 |  0.00000000  0.00000000  1.00000000 |
------------|---|------- x --------- y --------- z ---|-----------------|------ x --------- y --------- z ----|
            | x |    0.750375   -0.000009    0.000000 |  X:    0.750370 |  0.84653379  0.53233500 -0.00000000 |
 225.000000 | y |   -0.000009    0.750384    0.000000 |  Y:    0.750390 |  0.53233500 -0.84653379  0.00000000 |
            | z |    0.000000    0.000000    0.750493 |  Z:    0.750493 |  0.00000000  0.00000000  1.00000000 |
------------|---|------- x --------- y --------- z ---|-----------------|------ x --------- y --------- z ----|
            | x |    0.750376   -0.000011    0.000000 |  X:    0.750369 |  0.84653377  0.53233502 -0.00000000 |
 228.000000 | y |   -0.000011    0.750387    0.000000 |  Y:    0.750394 |  0.53233502 -0.84653377  0.00000000 |
            | z |    0.000000    0.000000    0.750490 |  Z:    0.750490 |  0.00000000  0.00000000  1.00000000 |
------------|---|------- x --------- y --------- z ---|-----------------|------ x --------- y --------- z ----|
            | x |    0.750376   -0.000014    0.000000 |  X:    0.750368 |  0.84653376  0.53233504 -0.00000000 |
 231.000000 | y |   -0.000014    0.750389    0.000000 |  Y:    0.750398 |  0.53233504 -0.84653376  0.00000000 |
            | z |    0.000000    0.000000    0.750487 |  Z:    0.750487 |  0.00000000  0.00000000  1.00000000 |
------------|---|------- x --------- y --------- z ---|-----------------|------ x --------- y --------- z ----|
            | x |    0.750377   -0.000016    0.000000 |  X:    0.750367 |  0.84653376  0.53233504 -0.00000000 |
 234.000000 | y |   -0.000016    0.750392    0.000000 |  Y:    0.750402 |  0.53233504 -0.84653376  0.00000000 |
            | z |    0.000000    0.000000    0.750485 |  Z:    0.750485 |  0.00000000  0.00000000  1.00000000 |
------------|---|------- x --------- y --------- z ---|-----------------|------ x --------- y --------- z ----|
            | x |    0.750377   -0.000018    0.000000 |  X:    0.750366 |  0.84653376  0.53233504 -0.00000000 |
 237.000000 | y |   -0.000018    0.750395    0.000000 |  Y:    0.750406 |  0.53233504 -0.84653376  0.00000000 |
            | z |    0.000000    0.000000    0.750483 |  Z:    0.750483 |  0.00000000  0.00000000  1.00000000 |
------------|---|------- x --------- y --------- z ---|-----------------|------ x --------- y --------- z ----|
            | x |    0.750378   -0.000020    0.000000 |  X:    0.750365 |  0.84653376  0.53233504 -0.00000000 |
 240.000000 | y |   -0.000020    0.750397    0.000000 |  Y:    0.750410 |  0.53233504 -0.84653376  0.00000000 |
            | z |    0.000000    0.000000    0.750480 |  Z:    0.750480 |  0.00000000  0.00000000  1.00000000 |
------------|---|------- x --------- y --------- z ---|-----------------|------ x --------- y --------- z ----|
            | x |    0.750378   -0.000023    0.000000 |  X:    0.750364 |  0.84653375  0.53233505 -0.00000000 |
 243.000000 | y |   -0.000023    0.750400    0.000000 |  Y:    0.750414 |  0.53233505 -0.84653375  0.00000000 |
            | z |    0.000000    0.000000    0.750478 |  Z:    0.750478 |  0.00000000  0.00000000  1.00000000 |
------------|---|------- x --------- y --------- z ---|-----------------|------ x --------- y --------- z ----|
            | x |    0.750379   -0.000025    0.000000 |  X:    0.750363 |  0.84653375  0.53233505 -0.00000000 |
 246.000000 | y |   -0.000025    0.750403    0.000000 |  Y:    0.750418 |  0.53233505 -0.84653375  0.00000000 |
            | z |    0.000000    0.000000    0.750475 |  Z:    0.750475 |  0.00000000  0.00000000  1.00000000 |
------------|---|------- x --------- y --------- z ---|-----------------|------ x --------- y --------- z ----|
            | x |    0.750379   -0.000027    0.000000 |  X:    0.750362 |  0.84653375  0.53233505 -0.00000000 |
 249.000000 | y |   -0.000027    0.750405    0.000000 |  Y:    0.750423 |  0.53233505 -0.84653375  0.00000000 |
            | z |    0.000000    0.000000    0.750473 |  Z:    0.750473 |  0.00000000  0.00000000  1.00000000 |
------------|---|------- x --------- y --------- z ---|-----------------|------ x --------- y --------- z ----|
            | x |    0.750380   -0.000030    0.000000 |  X:    0.750361 |  0.84653375  0.53233505 -0.00000000 |
 252.000000 | y |   -0.000030    0.750408    0.000000 |  Y:    0.750427 |  0.53233505 -0.84653375  0.00000000 |
            | z |    0.000000    0.000000    0.750471 |  Z:    0.750471 |  0.00000000  0.00000000  1.00000000 |
------------|---|------- x --------- y --------- z ---|-----------------|------ x --------- y --------- z ----|
            | x |    0.750380   -0.000032    0.000000 |  X:    0.750360 |  0.84653375  0.53233506 -0.00000000 |
 255.000000 | y |   -0.000032    0.750411    0.000000 |  Y:    0.750431 |  0.53233506 -0.84653375  0.00000000 |
            | z |    0.000000    0.000000    0.750469 |  Z:    0.750469 |  0.00000000  0.00000000  1.00000000 |
------------|---|------- x --------- y --------- z ---|-----------------|------ x --------- y --------- z ----|
            | x |    0.750381   -0.000034    0.000000 |  X:    0.750360 |  0.84653375  0.53233505 -0.00000000 |
 258.000000 | y |   -0.000034    0.750414    0.000000 |  Y:    0.750435 |  0.53233505 -0.84653375  0.00000000 |
            | z |    0.000000    0.000000    0.750467 |  Z:    0.750467 |  0.00000000  0.00000000  1.00000000 |
------------|---|------- x --------- y --------- z ---|-----------------|------ x --------- y --------- z ----|
            | x |    0.750382   -0.000036    0.000000 |  X:    0.750359 |  0.84653375  0.53233506 -0.00000000 |
 261.000000 | y |   -0.000036    0.750417    0.000000 |  Y:    0.750440 |  0.53233506 -0.84653375  0.00000000 |
            | z |    0.000000    0.000000    0.750465 |  Z:    0.750465 |  0.00000000  0.00000000  1.00000000 |
------------|---|------- x --------- y --------- z ---|-----------------|------ x --------- y --------- z ----|
            | x |    0.750382   -0.000039    0.000000 |  X:    0.750358 |  0.84653375  0.53233506 -0.00000000 |
 264.000000 | y |   -0.000039    0.750419    0.000000 |  Y:    0.750444 |  0.53233506 -0.84653375  0.00000000 |
            | z |    0.000000    0.000000    0.750463 |  Z:    0.750463 |  0.00000000  0.00000000  1.00000000 |
------------|---|------- x --------- y --------- z ---|-----------------|------ x --------- y --------- z ----|
            | x |    0.750383   -0.000041    0.000000 |  X:    0.750357 |  0.84653375  0.53233506 -0.00000000 |
 267.000000 | y |   -0.000041    0.750422    0.000000 |  Y:    0.750448 |  0.53233506 -0.84653375  0.00000000 |
            | z |    0.000000    0.000000    0.750461 |  Z:    0.750461 |  0.00000000  0.00000000  1.00000000 |
------------|---|------- x --------- y --------- z ---|-----------------|------ x --------- y --------- z ----|
            | x |    0.750384   -0.000043    0.000000 |  X:    0.750357 |  0.84653375  0.53233506 -0.00000000 |
 270.000000 | y |   -0.000043    0.750425    0.000000 |  Y:    0.750452 |  0.53233506 -0.84653375  0.00000000 |
            | z |    0.000000    0.000000    0.750459 |  Z:    0.750459 | -0.00000000  0.00000000  1.00000000 |
------------|---|------- x --------- y --------- z ---|-----------------|------ x --------- y --------- z ----|
            | x |    0.750384   -0.000045    0.000000 |  X:    0.750356 |  0.84653375  0.53233506 -0.00000000 |
 273.000000 | y |   -0.000045    0.750428    0.000000 |  Y:    0.750457 |  0.53233506 -0.84653375  0.00000001 |
            | z |    0.000000    0.000000    0.750457 |  Z:    0.750457 | -0.00000001  0.00000001  1.00000000 |
------------|---|------- x --------- y --------- z ---|-----------------|------ x --------- y --------- z ----|
            | x |    0.750385   -0.000048    0.000000 |  X:    0.750355 |  0.84653375  0.53233506 -0.00000000 |
 276.000000 | y |   -0.000048    0.750431    0.000000 |  Y:    0.750455 |  0.00000000 -0.00000000  1.00000000 |
            | z |    0.000000    0.000000    0.750455 |  Z:    0.750461 | -0.53233506  0.84653375  0.00000000 |
------------|---|------- x --------- y --------- z ---|-----------------|------ x --------- y --------- z ----|
            | x |    0.750386   -0.000050    0.000000 |  X:    0.750354 |  0.84653374  0.53233506 -0.00000000 |
 279.000000 | y |   -0.000050    0.750434    0.000000 |  Y:    0.750454 |  0.00000000 -0.00000000  1.00000000 |
            | z |    0.000000    0.000000    0.750454 |  Z:    0.750465 | -0.53233506  0.84653374  0.00000000 |
------------|---|------- x --------- y --------- z ---|-----------------|------ x --------- y --------- z ----|
            | x |    0.750387   -0.000052    0.000000 |  X:    0.750354 |  0.84653374  0.53233507 -0.00000000 |
 282.000000 | y |   -0.000052    0.750437    0.000000 |  Y:    0.750452 |  0.00000000 -0.00000000  1.00000000 |
            | z |    0.000000    0.000000    0.750452 |  Z:    0.750470 | -0.53233507  0.84653374  0.00000000 |
------------|---|------- x --------- y --------- z ---|-----------------|------ x --------- y --------- z ----|
            | x |    0.750387   -0.000055    0.000000 |  X:    0.750353 |  0.84653374  0.53233506 -0.00000000 |
 285.000000 | y |   -0.000055    0.750440    0.000000 |  Y:    0.750450 |  0.00000000  0.00000000  1.00000000 |
            | z |    0.000000    0.000000    0.750450 |  Z:    0.750474 | -0.53233506  0.84653374  0.00000000 |
------------|---|------- x --------- y --------- z ---|-----------------|------ x --------- y --------- z ----|
            | x |    0.750388   -0.000057    0.000000 |  X:    0.750352 |  0.84653375  0.53233506 -0.00000000 |
 288.000000 | y |   -0.000057    0.750443    0.000000 |  Y:    0.750449 |  0.00000000  0.00000000  1.00000000 |
            | z |    0.000000    0.000000    0.750449 |  Z:    0.750479 | -0.53233506  0.84653375  0.00000000 |
------------|---|------- x --------- y --------- z ---|-----------------|------ x --------- y --------- z ----|
            | x |    0.750389   -0.000059    0.000000 |  X:    0.750352 |  0.84653374  0.53233507 -0.00000000 |
 291.000000 | y |   -0.000059    0.750446    0.000000 |  Y:    0.750447 |  0.00000000  0.00000000  1.00000000 |
            | z |    0.000000    0.000000    0.750447 |  Z:    0.750483 | -0.53233507  0.84653374  0.00000000 |
------------|---|------- x --------- y --------- z ---|-----------------|------ x --------- y --------- z ----|
            | x |    0.750390   -0.000061    0.000000 |  X:    0.750351 |  0.84653374  0.53233507 -0.00000000 |
 294.000000 | y |   -0.000061    0.750449    0.000000 |  Y:    0.750445 |  0.00000000  0.00000000  1.00000000 |
            | z |    0.000000    0.000000    0.750445 |  Z:    0.750487 | -0.53233507  0.84653374  0.00000000 |
------------|---|------- x --------- y --------- z ---|-----------------|------ x --------- y --------- z ----|
            | x |    0.750391   -0.000064    0.000000 |  X:    0.750351 |  0.84653374  0.53233507 -0.00000000 |
 297.000000 | y |   -0.000064    0.750452    0.000000 |  Y:    0.750444 |  0.00000000  0.00000000  1.00000000 |
            | z |    0.000000    0.000000    0.750444 |  Z:    0.750492 | -0.53233507  0.84653374  0.00000000 |
------------|---|------- x --------- y --------- z ---|-----------------|------ x --------- y --------- z ----|
            | x |    0.750391   -0.000066    0.000000 |  X:    0.750350 |  0.84653374  0.53233507 -0.00000000 |
 300.000000 | y |   -0.000066    0.750455    0.000000 |  Y:    0.750442 |  0.00000000  0.00000000  1.00000000 |
            | z |    0.000000    0.000000    0.750442 |  Z:    0.750496 | -0.53233507  0.84653374  0.00000000 |
--------------------------------------------------------------------------------------------------------------|
Computation of the magnetization torque ... skipped by the user
Computation of the molar magnetization ... skipped by the user

-@-#-$-%-&-*--@-#-$-%-&-*--@-#-$-%-&-*--@-#-$-%-&-*--@-#-$-%-&-*--@-#-$-%-&-*--@-#-$-%-&-*--@-#-$-%-&-*--@-#-$-%-&-*--@-#-$-%-&-*-

          HAPPY   LANDING !!!   POLY_ANISO ENDED  OK !

-*-&-%-$-#-@--*-&-%-$-#-@--*-&-%-$-#-@--*-&-%-$-#-@--*-&-%-$-#-@--*-&-%-$-#-@--*-&-%-$-#-@--*-&-%-$-#-@--*-&-%-$-#-@--*-&-%-$-#-@-
Note: The following floating-point exceptions are signalling: IEEE_UNDERFLOW_FLAG IEEE_DENORMAL
 POLY_ANISO finished sucessfully!
